Archive member included to satisfy reference by file (symbol)

c:/program files (x86)/atmel/studio/7.0/toolchain/avr8/avr8-gnu-toolchain/bin/../lib/gcc/avr/4.9.2/../../../../avr/lib/avrxmega6\libm.a(cmpsf2.o)
                              src/miniproject.o (__ltsf2)
c:/program files (x86)/atmel/studio/7.0/toolchain/avr8/avr8-gnu-toolchain/bin/../lib/gcc/avr/4.9.2/../../../../avr/lib/avrxmega6\libm.a(fixunssfsi.o)
                              src/miniproject.o (__fixunssfsi)
c:/program files (x86)/atmel/studio/7.0/toolchain/avr8/avr8-gnu-toolchain/bin/../lib/gcc/avr/4.9.2/../../../../avr/lib/avrxmega6\libm.a(fp_cmp.o)
                              c:/program files (x86)/atmel/studio/7.0/toolchain/avr8/avr8-gnu-toolchain/bin/../lib/gcc/avr/4.9.2/../../../../avr/lib/avrxmega6\libm.a(cmpsf2.o) (__fp_cmp)
c:/program files (x86)/atmel/studio/7.0/toolchain/avr8/avr8-gnu-toolchain/bin/../lib/gcc/avr/4.9.2/../../../../avr/lib/avrxmega6\libm.a(fp_split3.o)
                              c:/program files (x86)/atmel/studio/7.0/toolchain/avr8/avr8-gnu-toolchain/bin/../lib/gcc/avr/4.9.2/../../../../avr/lib/avrxmega6\libm.a(fixunssfsi.o) (__fp_splitA)
c:/program files (x86)/atmel/studio/7.0/toolchain/avr8/avr8-gnu-toolchain/bin/../lib/gcc/avr/4.9.2/../../../../avr/lib/avrxmega6\libm.a(fp_zero.o)
                              c:/program files (x86)/atmel/studio/7.0/toolchain/avr8/avr8-gnu-toolchain/bin/../lib/gcc/avr/4.9.2/../../../../avr/lib/avrxmega6\libm.a(fixunssfsi.o) (__fp_zero)
c:/program files (x86)/atmel/studio/7.0/toolchain/avr8/avr8-gnu-toolchain/bin/../lib/gcc/avr/4.9.2/../../../../avr/lib/avrxmega6\libm.a(gesf2.o)
                              src/miniproject.o (__gtsf2)
c:/program files (x86)/atmel/studio/7.0/toolchain/avr8/avr8-gnu-toolchain/bin/../lib/gcc/avr/4.9.2/../../../../avr/lib/avrxmega6\libm.a(mulsf3.o)
                              src/miniproject.o (__mulsf3)
c:/program files (x86)/atmel/studio/7.0/toolchain/avr8/avr8-gnu-toolchain/bin/../lib/gcc/avr/4.9.2/../../../../avr/lib/avrxmega6\libm.a(mulsf3x.o)
                              c:/program files (x86)/atmel/studio/7.0/toolchain/avr8/avr8-gnu-toolchain/bin/../lib/gcc/avr/4.9.2/../../../../avr/lib/avrxmega6\libm.a(mulsf3.o) (__mulsf3x)
c:/program files (x86)/atmel/studio/7.0/toolchain/avr8/avr8-gnu-toolchain/bin/../lib/gcc/avr/4.9.2/../../../../avr/lib/avrxmega6\libm.a(fp_inf.o)
                              c:/program files (x86)/atmel/studio/7.0/toolchain/avr8/avr8-gnu-toolchain/bin/../lib/gcc/avr/4.9.2/../../../../avr/lib/avrxmega6\libm.a(mulsf3x.o) (__fp_inf)
c:/program files (x86)/atmel/studio/7.0/toolchain/avr8/avr8-gnu-toolchain/bin/../lib/gcc/avr/4.9.2/../../../../avr/lib/avrxmega6\libm.a(fp_nan.o)
                              c:/program files (x86)/atmel/studio/7.0/toolchain/avr8/avr8-gnu-toolchain/bin/../lib/gcc/avr/4.9.2/../../../../avr/lib/avrxmega6\libm.a(mulsf3x.o) (__fp_nan)
c:/program files (x86)/atmel/studio/7.0/toolchain/avr8/avr8-gnu-toolchain/bin/../lib/gcc/avr/4.9.2/../../../../avr/lib/avrxmega6\libm.a(fp_pscA.o)
                              c:/program files (x86)/atmel/studio/7.0/toolchain/avr8/avr8-gnu-toolchain/bin/../lib/gcc/avr/4.9.2/../../../../avr/lib/avrxmega6\libm.a(mulsf3x.o) (__fp_pscA)
c:/program files (x86)/atmel/studio/7.0/toolchain/avr8/avr8-gnu-toolchain/bin/../lib/gcc/avr/4.9.2/../../../../avr/lib/avrxmega6\libm.a(fp_pscB.o)
                              c:/program files (x86)/atmel/studio/7.0/toolchain/avr8/avr8-gnu-toolchain/bin/../lib/gcc/avr/4.9.2/../../../../avr/lib/avrxmega6\libm.a(mulsf3x.o) (__fp_pscB)
c:/program files (x86)/atmel/studio/7.0/toolchain/avr8/avr8-gnu-toolchain/bin/../lib/gcc/avr/4.9.2/../../../../avr/lib/avrxmega6\libm.a(fp_round.o)
                              c:/program files (x86)/atmel/studio/7.0/toolchain/avr8/avr8-gnu-toolchain/bin/../lib/gcc/avr/4.9.2/../../../../avr/lib/avrxmega6\libm.a(mulsf3.o) (__fp_round)
c:/program files (x86)/atmel/studio/7.0/toolchain/avr8/avr8-gnu-toolchain/bin/../lib/gcc/avr/4.9.2/avrxmega6\libgcc.a(_udivmodhi4.o)
                              src/ASF/xmega/drivers/usb/usb_device.o (__udivmodhi4)
c:/program files (x86)/atmel/studio/7.0/toolchain/avr8/avr8-gnu-toolchain/bin/../lib/gcc/avr/4.9.2/avrxmega6\libgcc.a(_divmodsi4.o)
                              src/led.o (__divmodsi4)
c:/program files (x86)/atmel/studio/7.0/toolchain/avr8/avr8-gnu-toolchain/bin/../lib/gcc/avr/4.9.2/avrxmega6\libgcc.a(_negsi2.o)
                              c:/program files (x86)/atmel/studio/7.0/toolchain/avr8/avr8-gnu-toolchain/bin/../lib/gcc/avr/4.9.2/avrxmega6\libgcc.a(_divmodsi4.o) (__negsi2)
c:/program files (x86)/atmel/studio/7.0/toolchain/avr8/avr8-gnu-toolchain/bin/../lib/gcc/avr/4.9.2/avrxmega6\libgcc.a(_exit.o)
                              C:/Program Files (x86)/Atmel/Studio/7.0/Packs/atmel/XMEGAB_DFP/1.0.31/gcc/dev/atxmega128b1/avrxmega6/crtatxmega128b1.o (exit)
[...]
Memory Configuration

Name             Origin             Length             Attributes
text             0x00000000         0x00100000         xr
data             0x00802000         0x0000ffa0         rw !x
eeprom           0x00810000         0x00010000         rw !x
fuse             0x00820000         0x00000400         rw !x
lock             0x00830000         0x00000400         rw !x
signature        0x00840000         0x00000400         rw !x
user_signatures  0x00850000         0x00000400         rw !x
*default*        0x00000000         0xffffffff

Linker script and memory map

LOAD C:/Program Files (x86)/Atmel/Studio/7.0/Packs/atmel/XMEGAB_DFP/1.0.31/gcc/dev/atxmega128b1/avrxmega6/crtatxmega128b1.o
LOAD src/ASF/common/boards/user_board/init.o
LOAD src/ASF/common/services/clock/xmega/sysclk.o
LOAD src/ASF/common/services/sleepmgr/xmega/sleepmgr.o
LOAD src/ASF/common/services/usb/class/cdc/device/udi_cdc.o
LOAD src/ASF/common/services/usb/class/cdc/device/udi_cdc_desc.o
LOAD src/ASF/common/services/usb/udc/udc.o
LOAD src/ASF/xmega/components/display/c42048a/c42048a_full_matrix0/c42048a.o
LOAD src/ASF/xmega/drivers/cpu/ccp.o
LOAD src/ASF/xmega/drivers/lcd/lcd.o
LOAD src/ASF/xmega/drivers/nvm/nvm.o
LOAD src/ASF/xmega/drivers/nvm/nvm_asm.o
LOAD src/ASF/xmega/drivers/usb/usb_device.o
LOAD src/deviceio.o
LOAD src/serial.o
LOAD src/ui.o
LOAD src/led.o
LOAD src/miniproject.o
LOAD src/potentiometer.o
START GROUP
LOAD c:/program files (x86)/atmel/studio/7.0/toolchain/avr8/avr8-gnu-toolchain/bin/../lib/gcc/avr/4.9.2/../../../../avr/lib/avrxmega6\libm.a
END GROUP
LOAD c:/program files (x86)/atmel/studio/7.0/toolchain/avr8/avr8-gnu-toolchain/bin/../lib/gcc/avr/4.9.2/avrxmega6\libgcc.a
LOAD c:/program files (x86)/atmel/studio/7.0/toolchain/avr8/avr8-gnu-toolchain/bin/../lib/gcc/avr/4.9.2/../../../../avr/lib/avrxmega6\libm.a
START GROUP
LOAD c:/program files (x86)/atmel/studio/7.0/toolchain/avr8/avr8-gnu-toolchain/bin/../lib/gcc/avr/4.9.2/avrxmega6\libgcc.a
LOAD c:/program files (x86)/atmel/studio/7.0/toolchain/avr8/avr8-gnu-toolchain/bin/../lib/gcc/avr/4.9.2/../../../../avr/lib/avrxmega6\libm.a
LOAD c:/program files (x86)/atmel/studio/7.0/toolchain/avr8/avr8-gnu-toolchain/bin/../lib/gcc/avr/4.9.2/../../../../avr/lib/avrxmega6\libc.a
LOAD C:/Program Files (x86)/Atmel/Studio/7.0/Packs/atmel/XMEGAB_DFP/1.0.31/gcc/dev/atxmega128b1/avrxmega6\libatxmega128b1.a
END GROUP
                0x00100000                __TEXT_REGION_LENGTH__ = DEFINED (__TEXT_REGION_LENGTH__)?__TEXT_REGION_LENGTH__:0x100000
                0x0000ffa0                __DATA_REGION_LENGTH__ = DEFINED (__DATA_REGION_LENGTH__)?__DATA_REGION_LENGTH__:0xffa0
                0x00010000                __EEPROM_REGION_LENGTH__ = DEFINED (__EEPROM_REGION_LENGTH__)?__EEPROM_REGION_LENGTH__:0x10000
                0x00000400                __FUSE_REGION_LENGTH__ = DEFINED (__FUSE_REGION_LENGTH__)?__FUSE_REGION_LENGTH__:0x400
                0x00000400                __LOCK_REGION_LENGTH__ = DEFINED (__LOCK_REGION_LENGTH__)?__LOCK_REGION_LENGTH__:0x400
                0x00000400                __SIGNATURE_REGION_LENGTH__ = DEFINED (__SIGNATURE_REGION_LENGTH__)?__SIGNATURE_REGION_LENGTH__:0x400
                0x00000400                __USER_SIGNATURE_REGION_LENGTH__ = DEFINED (__USER_SIGNATURE_REGION_LENGTH__)?__USER_SIGNATURE_REGION_LENGTH__:0x400

.hash
 *(.hash)

.dynsym
 *(.dynsym)

.dynstr
 *(.dynstr)

.gnu.version
 *(.gnu.version)

.gnu.version_d
 *(.gnu.version_d)

.gnu.version_r
 *(.gnu.version_r)

.rel.init
 *(.rel.init)

.rela.init
 *(.rela.init)

.rel.text
 *(.rel.text)
 *(.rel.text.*)
 *(.rel.gnu.linkonce.t*)

.rela.text
 *(.rela.text)
 *(.rela.text.*)
 *(.rela.gnu.linkonce.t*)

.rel.fini
 *(.rel.fini)

.rela.fini
 *(.rela.fini)

.rel.rodata
 *(.rel.rodata)
 *(.rel.rodata.*)
 *(.rel.gnu.linkonce.r*)

.rela.rodata
 *(.rela.rodata)
 *(.rela.rodata.*)
 *(.rela.gnu.linkonce.r*)

.rel.data
 *(.rel.data)
 *(.rel.data.*)
 *(.rel.gnu.linkonce.d*)

.rela.data
 *(.rela.data)
 *(.rela.data.*)
 *(.rela.gnu.linkonce.d*)

.rel.ctors
 *(.rel.ctors)

.rela.ctors
 *(.rela.ctors)

.rel.dtors
 *(.rel.dtors)

.rela.dtors
 *(.rela.dtors)

.rel.got
 *(.rel.got)

.rela.got
 *(.rela.got)

.rel.bss
 *(.rel.bss)

.rela.bss
 *(.rela.bss)

.rel.plt
 *(.rel.plt)

.rela.plt
 *(.rela.plt)

.text           0x00000000     0x5202
 *(.vectors)
 .vectors       0x00000000      0x144 C:/Program Files (x86)/Atmel/Studio/7.0/Packs/atmel/XMEGAB_DFP/1.0.31/gcc/dev/atxmega128b1/avrxmega6/crtatxmega128b1.o
                0x00000000                __vector_default
                0x00000000                __vectors
 *(.vectors)
 *(.progmem.gcc*)
 .progmem.gcc_sw_table.udd_ep_get_size
                0x00000144        0xe src/ASF/xmega/drivers/usb/usb_device.o
 .progmem.gcc_sw_table._ZN9CDeviceIO11device_initEh13PORT_ISC_enum13PORT_OPC_enum
                0x00000152       0x10 src/deviceio.o
                0x00000162                . = ALIGN (0x2)
                0x00000162                __trampolines_start = .
 *(.trampolines)
 .trampolines   0x00000162       0x74 linker stubs
 *(.trampolines*)
                0x000001d6                __trampolines_end = .
 *libprintf_flt.a:*(.progmem.data)
 *libc.a:*(.progmem.data)
 *(.progmem*)
                0x000001d6                . = ALIGN (0x2)
 *(.jumptables)
 *(.jumptables*)
 *(.lowtext)
 *(.lowtext*)
                0x000001d6                __ctors_start = .
 *(.ctors)
 .ctors         0x000001d6        0x2 src/miniproject.o
                0x000001d8                __ctors_end = .
                0x000001d8                __dtors_start = .
 *(.dtors)
 .dtors         0x000001d8        0x2 src/miniproject.o
                0x000001da                __dtors_end = .
 SORT(*)(.ctors)
 SORT(*)(.dtors)
 *(.init0)
 .init0         0x000001da        0x0 C:/Program Files (x86)/Atmel/Studio/7.0/Packs/atmel/XMEGAB_DFP/1.0.31/gcc/dev/atxmega128b1/avrxmega6/crtatxmega128b1.o
                0x000001da                __init
 *(.init0)
 *(.init1)
 *(.init1)
 *(.init2)
 .init2         0x000001da       0x10 C:/Program Files (x86)/Atmel/Studio/7.0/Packs/atmel/XMEGAB_DFP/1.0.31/gcc/dev/atxmega128b1/avrxmega6/crtatxmega128b1.o
 *(.init2)
 *(.init3)
 *(.init3)
 *(.init4)
 .init4         0x000001ea       0x1a c:/program files (x86)/atmel/studio/7.0/toolchain/avr8/avr8-gnu-toolchain/bin/../lib/gcc/avr/4.9.2/avrxmega6\libgcc.a(_copy_data.o)
                0x000001ea                __do_copy_data
 .init4         0x00000204       0x10 c:/program files (x86)/atmel/studio/7.0/toolchain/avr8/avr8-gnu-toolchain/bin/../lib/gcc/avr/4.9.2/avrxmega6\libgcc.a(_clear_bss.o)
                0x00000204                __do_clear_bss
 *(.init4)
 *(.init5)
 *(.init5)
 *(.init6)
 .init6         0x00000214       0x20 c:/program files (x86)/atmel/studio/7.0/toolchain/avr8/avr8-gnu-toolchain/bin/../lib/gcc/avr/4.9.2/avrxmega6\libgcc.a(_ctors.o)
                0x00000214                __do_global_ctors
 *(.init6)
 *(.init7)
 *(.init7)
 *(.init8)
 *(.init8)
 *(.init9)
 .init9         0x00000234        0x8 C:/Program Files (x86)/Atmel/Studio/7.0/Packs/atmel/XMEGAB_DFP/1.0.31/gcc/dev/atxmega128b1/avrxmega6/crtatxmega128b1.o
 *(.init9)
 *(.text)
 .text          0x0000023c        0x4 C:/Program Files (x86)/Atmel/Studio/7.0/Packs/atmel/XMEGAB_DFP/1.0.31/gcc/dev/atxmega128b1/avrxmega6/crtatxmega128b1.o
                0x0000023c                __vector_38
                0x0000023c                __vector_63
                0x0000023c                __vector_28
                0x0000023c                __vector_67
                0x0000023c                __vector_1
                0x0000023c                __vector_71
                0x0000023c                __vector_34
                0x0000023c                __vector_62
                0x0000023c                __vector_77
                0x0000023c                __vector_24
                0x0000023c                __vector_12
                0x0000023c                __vector_55
                0x0000023c                __vector_69
                0x0000023c                __vector_46
                0x0000023c                __bad_interrupt
                0x0000023c                __vector_72
                0x0000023c                __vector_6
                0x0000023c                __vector_78
                0x0000023c                __vector_74
                0x0000023c                __vector_39
                0x0000023c                __vector_3
                0x0000023c                __vector_23
                0x0000023c                __vector_68
                0x0000023c                __vector_30
                0x0000023c                __vector_73
                0x0000023c                __vector_45
                0x0000023c                __vector_25
                0x0000023c                __vector_61
                0x0000023c                __vector_11
                0x0000023c                __vector_54
                0x0000023c                __vector_13
                0x0000023c                __vector_17
                0x0000023c                __vector_19
                0x0000023c                __vector_56
                0x0000023c                __vector_7
                0x0000023c                __vector_49
                0x0000023c                __vector_41
                0x0000023c                __vector_64
                0x0000023c                __vector_43
                0x0000023c                __vector_27
                0x0000023c                __vector_5
                0x0000023c                __vector_33
                0x0000023c                __vector_76
                0x0000023c                __vector_47
                0x0000023c                __vector_52
                0x0000023c                __vector_37
                0x0000023c                __vector_4
                0x0000023c                __vector_51
                0x0000023c                __vector_9
                0x0000023c                __vector_2
                0x0000023c                __vector_21
                0x0000023c                __vector_15
                0x0000023c                __vector_66
                0x0000023c                __vector_36
                0x0000023c                __vector_79
                0x0000023c                __vector_58
                0x0000023c                __vector_70
                0x0000023c                __vector_29
                0x0000023c                __vector_60
                0x0000023c                __vector_40
                0x0000023c                __vector_8
                0x0000023c                __vector_26
                0x0000023c                __vector_48
                0x0000023c                __vector_80
                0x0000023c                __vector_57
                0x0000023c                __vector_53
                0x0000023c                __vector_10
                0x0000023c                __vector_50
                0x0000023c                __vector_59
                0x0000023c                __vector_18
                0x0000023c                __vector_42
                0x0000023c                __vector_65
                0x00000240                . = ALIGN (0x2)
 *(.text.*)
 .text.cpu_irq_save
                0x00000240       0x20 src/ASF/common/services/clock/xmega/sysclk.o
 .text.cpu_irq_restore
                0x00000260       0x1e src/ASF/common/services/clock/xmega/sysclk.o
 .text.osc_enable_internal
                0x0000027e       0x38 src/ASF/common/services/clock/xmega/sysclk.o
 .text.osc_enable_external
                0x000002b6       0x14 src/ASF/common/services/clock/xmega/sysclk.o
 .text.osc_disable
                0x000002ca       0x3c src/ASF/common/services/clock/xmega/sysclk.o
 .text.osc_enable
                0x00000306       0x28 src/ASF/common/services/clock/xmega/sysclk.o
 .text.osc_is_ready
                0x0000032e       0x28 src/ASF/common/services/clock/xmega/sysclk.o
 .text.osc_enable_autocalibration
                0x00000356      0x108 src/ASF/common/services/clock/xmega/sysclk.o
 .text.osc_user_calibration
                0x0000045e       0x6a src/ASF/common/services/clock/xmega/sysclk.o
 .text.osc_wait_ready
                0x000004c8       0x26 src/ASF/common/services/clock/xmega/sysclk.o
 .text.sysclk_set_prescalers
                0x000004ee       0x2a src/ASF/common/services/clock/xmega/sysclk.o
 .text.sysclk_rtcsrc_enable
                0x00000518       0x66 src/ASF/common/services/clock/xmega/sysclk.o
 .text.nvm_read_production_signature_row
                0x0000057e       0x22 src/ASF/common/services/clock/xmega/sysclk.o
 .text.sysclk_init
                0x000005a0       0xc8 src/ASF/common/services/clock/xmega/sysclk.o
                0x000005a0                sysclk_init
 .text.sysclk_enable_module
                0x00000668       0x4a src/ASF/common/services/clock/xmega/sysclk.o
                0x00000668                sysclk_enable_module
 .text.sysclk_enable_usb
                0x000006b2       0x62 src/ASF/common/services/clock/xmega/sysclk.o
                0x000006b2                sysclk_enable_usb
 .text.cpu_irq_save
                0x00000714       0x20 src/ASF/common/services/usb/class/cdc/device/udi_cdc.o
 .text.cpu_irq_restore
                0x00000734       0x1e src/ASF/common/services/usb/class/cdc/device/udi_cdc.o
 .text.udi_cdc_comm_enable
                0x00000752      0x1c8 src/ASF/common/services/usb/class/cdc/device/udi_cdc.o
                0x00000752                udi_cdc_comm_enable
 .text.udi_cdc_data_enable
                0x0000091a      0x11a src/ASF/common/services/usb/class/cdc/device/udi_cdc.o
                0x0000091a                udi_cdc_data_enable
 .text.udi_cdc_comm_disable
                0x00000a34       0x18 src/ASF/common/services/usb/class/cdc/device/udi_cdc.o
                0x00000a34                udi_cdc_comm_disable
 .text.udi_cdc_data_disable
                0x00000a4c       0x2a src/ASF/common/services/usb/class/cdc/device/udi_cdc.o
                0x00000a4c                udi_cdc_data_disable
 .text.udi_cdc_comm_setup
                0x00000a76      0x102 src/ASF/common/services/usb/class/cdc/device/udi_cdc.o
                0x00000a76                udi_cdc_comm_setup
 .text.udi_cdc_data_setup
                0x00000b78       0x10 src/ASF/common/services/usb/class/cdc/device/udi_cdc.o
                0x00000b78                udi_cdc_data_setup
 .text.udi_cdc_getsetting
                0x00000b88       0x10 src/ASF/common/services/usb/class/cdc/device/udi_cdc.o
                0x00000b88                udi_cdc_getsetting
 .text.udi_cdc_data_sof_notify
                0x00000b98       0x16 src/ASF/common/services/usb/class/cdc/device/udi_cdc.o
                0x00000b98                udi_cdc_data_sof_notify
 .text.udi_cdc_setup_to_port
                0x00000bae       0x2a src/ASF/common/services/usb/class/cdc/device/udi_cdc.o
 .text.udi_cdc_line_coding_received
                0x00000bd8       0x18 src/ASF/common/services/usb/class/cdc/device/udi_cdc.o
 .text.udi_cdc_rx_start
                0x00000bf0      0x12c src/ASF/common/services/usb/class/cdc/device/udi_cdc.o
 .text.udi_cdc_data_received
                0x00000d1c       0xda src/ASF/common/services/usb/class/cdc/device/udi_cdc.o
 .text.udi_cdc_data_sent
                0x00000df6       0x96 src/ASF/common/services/usb/class/cdc/device/udi_cdc.o
 .text.udi_cdc_tx_send
                0x00000e8c      0x262 src/ASF/common/services/usb/class/cdc/device/udi_cdc.o
 .text.udi_cdc_multi_get_nb_received_data
                0x000010ee       0x82 src/ASF/common/services/usb/class/cdc/device/udi_cdc.o
                0x000010ee                udi_cdc_multi_get_nb_received_data
 .text.udi_cdc_multi_is_rx_ready
                0x00001170       0x24 src/ASF/common/services/usb/class/cdc/device/udi_cdc.o
                0x00001170                udi_cdc_multi_is_rx_ready
 .text.udi_cdc_multi_get_free_tx_buffer
                0x00001194       0xda src/ASF/common/services/usb/class/cdc/device/udi_cdc.o
                0x00001194                udi_cdc_multi_get_free_tx_buffer
 .text.udi_cdc_multi_is_tx_ready
                0x0000126e       0x24 src/ASF/common/services/usb/class/cdc/device/udi_cdc.o
                0x0000126e                udi_cdc_multi_is_tx_ready
 .text.udi_cdc_is_tx_ready
                0x00001292       0x14 src/ASF/common/services/usb/class/cdc/device/udi_cdc.o
                0x00001292                udi_cdc_is_tx_ready
 .text.udi_cdc_multi_putc
                0x000012a6      0x122 src/ASF/common/services/usb/class/cdc/device/udi_cdc.o
                0x000012a6                udi_cdc_multi_putc
 .text.udi_cdc_putc
                0x000013c8       0x26 src/ASF/common/services/usb/class/cdc/device/udi_cdc.o
                0x000013c8                udi_cdc_putc
 .text.udc_get_eof_conf
                0x000013ee       0x34 src/ASF/common/services/usb/udc/udc.o
 .text.udc_next_desc_in_iface
                0x00001422       0x8e src/ASF/common/services/usb/udc/udc.o
 .text.udc_update_iface_desc
                0x000014b0       0xd4 src/ASF/common/services/usb/udc/udc.o
 .text.udc_iface_disable
                0x00001584       0xc0 src/ASF/common/services/usb/udc/udc.o
 .text.udc_iface_enable
                0x00001644       0xb4 src/ASF/common/services/usb/udc/udc.o
 .text.udc_start
                0x000016f8       0x12 src/ASF/common/services/usb/udc/udc.o
                0x000016f8                udc_start
 .text.udc_reset
                0x0000170a       0x52 src/ASF/common/services/usb/udc/udc.o
                0x0000170a                udc_reset
 .text.udc_sof_notify
                0x0000175c       0x94 src/ASF/common/services/usb/udc/udc.o
                0x0000175c                udc_sof_notify
 .text.udc_req_std_dev_get_status
                0x000017f0       0x2c src/ASF/common/services/usb/udc/udc.o
 .text.udc_req_std_ep_get_status
                0x0000181c       0x44 src/ASF/common/services/usb/udc/udc.o
 .text.udc_req_std_dev_clear_feature
                0x00001860       0x42 src/ASF/common/services/usb/udc/udc.o
 .text.udc_req_std_ep_clear_feature
                0x000018a2       0x3a src/ASF/common/services/usb/udc/udc.o
 .text.udc_req_std_dev_set_feature
                0x000018dc       0x32 src/ASF/common/services/usb/udc/udc.o
 .text.udc_req_std_ep_set_feature
                0x0000190e       0x46 src/ASF/common/services/usb/udc/udc.o
 .text.udc_valid_address
                0x00001954       0x1c src/ASF/common/services/usb/udc/udc.o
 .text.udc_req_std_dev_set_address
                0x00001970       0x2c src/ASF/common/services/usb/udc/udc.o
 .text.udc_req_std_dev_get_str_desc
                0x0000199c       0xca src/ASF/common/services/usb/udc/udc.o
 .text.udc_req_std_dev_get_descriptor
                0x00001a66      0x14e src/ASF/common/services/usb/udc/udc.o
 .text.udc_req_std_dev_get_configuration
                0x00001bb4       0x2c src/ASF/common/services/usb/udc/udc.o
 .text.udc_req_std_dev_set_configuration
                0x00001be0       0xd2 src/ASF/common/services/usb/udc/udc.o
 .text.udc_req_std_iface_get_setting
                0x00001cb2       0xb4 src/ASF/common/services/usb/udc/udc.o
 .text.udc_req_std_iface_set_setting
                0x00001d66       0x62 src/ASF/common/services/usb/udc/udc.o
 .text.udc_reqstd
                0x00001dc8      0x15c src/ASF/common/services/usb/udc/udc.o
 .text.udc_req_iface
                0x00001f24       0xb6 src/ASF/common/services/usb/udc/udc.o
 .text.udc_req_ep
                0x00001fda       0xb0 src/ASF/common/services/usb/udc/udc.o
 .text.udc_process_setup
                0x0000208a       0x94 src/ASF/common/services/usb/udc/udc.o
                0x0000208a                udc_process_setup
 .text.cpu_irq_save
                0x0000211e       0x20 src/ASF/xmega/components/display/c42048a/c42048a_full_matrix0/c42048a.o
 .text.cpu_irq_restore
                0x0000213e       0x1e src/ASF/xmega/components/display/c42048a/c42048a_full_matrix0/c42048a.o
 .text.sleepmgr_lock_mode
                0x0000215c       0x52 src/ASF/xmega/components/display/c42048a/c42048a_full_matrix0/c42048a.o
 .text.lcd_clk_init
                0x000021ae       0x20 src/ASF/xmega/components/display/c42048a/c42048a_full_matrix0/c42048a.o
 .text.lcd_connection_init
                0x000021ce       0x5e src/ASF/xmega/components/display/c42048a/c42048a_full_matrix0/c42048a.o
 .text.lcd_timing_init
                0x0000222c       0x36 src/ASF/xmega/components/display/c42048a/c42048a_full_matrix0/c42048a.o
 .text.lcd_interrupt_init
                0x00002262       0x7a src/ASF/xmega/components/display/c42048a/c42048a_full_matrix0/c42048a.o
 .text.lcd_blinkrate_init
                0x000022dc       0x2c src/ASF/xmega/components/display/c42048a/c42048a_full_matrix0/c42048a.o
 .text.lcd_enable
                0x00002308       0x26 src/ASF/xmega/components/display/c42048a/c42048a_full_matrix0/c42048a.o
 .text.c42048a_init
                0x0000232e       0x3c src/ASF/xmega/components/display/c42048a/c42048a_full_matrix0/c42048a.o
                0x0000232e                c42048a_init
 .text.ccp_write_io
                0x0000236a        0xc src/ASF/xmega/drivers/cpu/ccp.o
                0x0000236a                ccp_write_io
 .text.__vector_35
                0x00002376       0x78 src/ASF/xmega/drivers/lcd/lcd.o
                0x00002376                __vector_35
 .text.lcd_write_packet
                0x000023ee       0x88 src/ASF/xmega/drivers/lcd/lcd.o
                0x000023ee                lcd_write_packet
 .text.nvm_read_byte
                0x00002476       0x14 src/ASF/xmega/drivers/nvm/nvm_asm.o
                0x00002476                nvm_read_byte
 .text.cpu_irq_save
                0x0000248a       0x20 src/ASF/xmega/drivers/usb/usb_device.o
 .text.cpu_irq_restore
                0x000024aa       0x1e src/ASF/xmega/drivers/usb/usb_device.o
 .text.nvm_read_production_signature_row
                0x000024c8       0x22 src/ASF/xmega/drivers/usb/usb_device.o
 .text.usb_pad_init
                0x000024ea       0x5a src/ASF/xmega/drivers/usb/usb_device.o
 .text.sleepmgr_lock_mode
                0x00002544       0x52 src/ASF/xmega/drivers/usb/usb_device.o
 .text.sleepmgr_unlock_mode
                0x00002596       0x52 src/ASF/xmega/drivers/usb/usb_device.o
 .text.udd_sleep_mode
                0x000025e8       0x4a src/ASF/xmega/drivers/usb/usb_device.o
 .text.udd_enable
                0x00002632      0x130 src/ASF/xmega/drivers/usb/usb_device.o
                0x00002632                udd_enable
 .text.udd_attach
                0x00002762       0x92 src/ASF/xmega/drivers/usb/usb_device.o
                0x00002762                udd_attach
 .text.udd_is_high_speed
                0x000027f4       0x10 src/ASF/xmega/drivers/usb/usb_device.o
                0x000027f4                udd_is_high_speed
 .text.udd_set_address
                0x00002804       0x1e src/ASF/xmega/drivers/usb/usb_device.o
                0x00002804                udd_set_address
 .text.udd_getaddress
                0x00002822       0x16 src/ASF/xmega/drivers/usb/usb_device.o
                0x00002822                udd_getaddress
 .text.udd_get_frame_number
                0x00002838       0x16 src/ASF/xmega/drivers/usb/usb_device.o
                0x00002838                udd_get_frame_number
 .text.udd_get_micro_frame_number
                0x0000284e       0x12 src/ASF/xmega/drivers/usb/usb_device.o
                0x0000284e                udd_get_micro_frame_number
 .text.udd_set_setup_payload
                0x00002860       0x38 src/ASF/xmega/drivers/usb/usb_device.o
                0x00002860                udd_set_setup_payload
 .text.udd_ep_alloc
                0x00002898       0x94 src/ASF/xmega/drivers/usb/usb_device.o
                0x00002898                udd_ep_alloc
 .text.udd_ep_free
                0x0000292c       0x30 src/ASF/xmega/drivers/usb/usb_device.o
                0x0000292c                udd_ep_free
 .text.udd_ep_is_halted
                0x0000295c       0x3c src/ASF/xmega/drivers/usb/usb_device.o
                0x0000295c                udd_ep_is_halted
 .text.udd_ep_set_halt
                0x00002998       0x3e src/ASF/xmega/drivers/usb/usb_device.o
                0x00002998                udd_ep_set_halt
 .text.udd_ep_clear_halt
                0x000029d6       0x96 src/ASF/xmega/drivers/usb/usb_device.o
                0x000029d6                udd_ep_clear_halt
 .text.udd_ep_run
                0x00002a6c      0x19e src/ASF/xmega/drivers/usb/usb_device.o
                0x00002a6c                udd_ep_run
 .text.udd_ep_abort
                0x00002c0a       0x9a src/ASF/xmega/drivers/usb/usb_device.o
                0x00002c0a                udd_ep_abort
 .text.__vector_31
                0x00002ca4      0x14c src/ASF/xmega/drivers/usb/usb_device.o
                0x00002ca4                __vector_31
 .text.__vector_32
                0x00002df0      0x156 src/ASF/xmega/drivers/usb/usb_device.o
                0x00002df0                __vector_32
 .text.udd_ep_init
                0x00002f46       0xee src/ASF/xmega/drivers/usb/usb_device.o
 .text.udd_ep_get_ctrl
                0x00003034       0x46 src/ASF/xmega/drivers/usb/usb_device.o
 .text.udd_ctrl_init
                0x0000307a       0x8c src/ASF/xmega/drivers/usb/usb_device.o
 .text.udd_ctrl_setup_received
                0x00003106       0xe0 src/ASF/xmega/drivers/usb/usb_device.o
 .text.udd_ctrl_in_sent
                0x000031e6      0x130 src/ASF/xmega/drivers/usb/usb_device.o
 .text.udd_ctrl_out_received
                0x00003316      0x188 src/ASF/xmega/drivers/usb/usb_device.o
 .text.udd_ctrl_underflow
                0x0000349e       0x5a src/ASF/xmega/drivers/usb/usb_device.o
 .text.udd_ctrl_overflow
                0x000034f8       0x5a src/ASF/xmega/drivers/usb/usb_device.o
 .text.udd_ctrl_stall_data
                0x00003552       0x2c src/ASF/xmega/drivers/usb/usb_device.o
 .text.udd_ctrl_send_zlp_in
                0x0000357e       0x2a src/ASF/xmega/drivers/usb/usb_device.o
 .text.udd_ctrl_send_zlp_out
                0x000035a8       0x22 src/ASF/xmega/drivers/usb/usb_device.o
 .text.udd_ctrl_endofrequest
                0x000035ca       0x26 src/ASF/xmega/drivers/usb/usb_device.o
 .text.udd_ctrl_interrupt_error
                0x000035f0       0x7c src/ASF/xmega/drivers/usb/usb_device.o
 .text.udd_ctrl_interrupt_tc_setup
                0x0000366c       0x62 src/ASF/xmega/drivers/usb/usb_device.o
 .text.udd_ep_get_size
                0x000036ce       0x80 src/ASF/xmega/drivers/usb/usb_device.o
 .text.udd_ep_get_job
                0x0000374e       0x50 src/ASF/xmega/drivers/usb/usb_device.o
 .text.udd_ep_trans_complet
                0x0000379e      0x3d2 src/ASF/xmega/drivers/usb/usb_device.o
 .text._ZN9CDeviceIOC2Ev
                0x00003b70       0x22 src/deviceio.o
                0x00003b70                _ZN9CDeviceIOC1Ev
                0x00003b70                _ZN9CDeviceIOC2Ev
 .text._ZN9CDeviceIOD2Ev
                0x00003b92       0x1a src/deviceio.o
                0x00003b92                _ZN9CDeviceIOD1Ev
                0x00003b92                _ZN9CDeviceIOD2Ev
 .text._ZN9CDeviceIO11device_initEh13PORT_ISC_enum13PORT_OPC_enum
                0x00003bac      0x266 src/deviceio.o
                0x00003bac                _ZN9CDeviceIO11device_initEh13PORT_ISC_enum13PORT_OPC_enum
 .text._ZN9CDeviceIO6isHighEv
                0x00003e12       0x44 src/deviceio.o
                0x00003e12                _ZN9CDeviceIO6isHighEv
 .text._ZN9CDeviceIO11isConnectedEv
                0x00003e56       0x44 src/deviceio.o
                0x00003e56                _ZN9CDeviceIO11isConnectedEv
 .text.__vector_75
                0x00003e9a       0x2e src/deviceio.o
                0x00003e9a                __vector_75
 .text._ZN7CSerialC2Ev
                0x00003ec8       0x1a src/serial.o
                0x00003ec8                _ZN7CSerialC2Ev
                0x00003ec8                _ZN7CSerialC1Ev
 .text._ZN7CSerialD2Ev
                0x00003ee2       0x1a src/serial.o
                0x00003ee2                _ZN7CSerialD2Ev
                0x00003ee2                _ZN7CSerialD1Ev
 .text._ZN7CSerial8sendCharEc
                0x00003efc       0x44 src/serial.o
                0x00003efc                _ZN7CSerial8sendCharEc
 .text._ZN7CSerial10sendStringEPc
                0x00003f40       0x4a src/serial.o
                0x00003f40                _ZN7CSerial10sendStringEPc
 .text.lcd_blinkrate_init
                0x00003f8a       0x2c src/ui.o
 .text.lcd_set_contrast
                0x00003fb6       0x42 src/ui.o
 .text.c42048a_write_alpha_packet
                0x00003ff8       0x32 src/ui.o
 .text.c42048a_set_contrast
                0x0000402a       0x1a src/ui.o
 .text.c42048a_blinkrate_init
                0x00004044       0x1a src/ui.o
 .text.c42048a_set_text
                0x0000405e       0x22 src/ui.o
 .text._ZN3CUIC2Ev
                0x00004080       0x1a src/ui.o
                0x00004080                _ZN3CUIC2Ev
                0x00004080                _ZN3CUIC1Ev
 .text._ZN3CUI7ui_initEP7CSerial
                0x0000409a       0x3e src/ui.o
                0x0000409a                _ZN3CUI7ui_initEP7CSerial
 .text._ZN3CUI8sendTextEPc
                0x000040d8       0x84 src/ui.o
                0x000040d8                _ZN3CUI8sendTextEPc
 .text._ZN3CUI7clearUIEv
                0x0000415c       0x3a src/ui.o
                0x0000415c                _ZN3CUI7clearUIEv
 .text._ZN4CLedC2Ev
                0x00004196       0x2a src/led.o
                0x00004196                _ZN4CLedC2Ev
                0x00004196                _ZN4CLedC1Ev
 .text._ZN4CLed8led_initEP11PORT_structhh
                0x000041c0       0xa6 src/led.o
                0x000041c0                _ZN4CLed8led_initEP11PORT_structhh
 .text._ZN4CLed5blinkEhh
                0x00004266       0x78 src/led.o
                0x00004266                _ZN4CLed5blinkEhh
 .text._ZN4CLed17disableInterruptsEv
                0x000042de       0x50 src/led.o
                0x000042de                _ZN4CLed17disableInterruptsEv
 .text._ZN4CLed6led_OnEv
                0x0000432e       0x44 src/led.o
                0x0000432e                _ZN4CLed6led_OnEv
 .text._ZN4CLed7led_OffEv
                0x00004372       0x40 src/led.o
                0x00004372                _ZN4CLed7led_OffEv
 .text.__vector_16
                0x000043b2       0x68 src/led.o
                0x000043b2                __vector_16
 .text.__vector_14
                0x0000441a       0x68 src/led.o
                0x0000441a                __vector_14
 .text.__vector_22
                0x00004482       0x68 src/led.o
                0x00004482                __vector_22
 .text.__vector_20
                0x000044ea       0x68 src/led.o
                0x000044ea                __vector_20
 .text._ZN4CLed11calcDividerERj
                0x00004552      0x110 src/led.o
                0x00004552                _ZN4CLed11calcDividerERj
 .text._ZN4CLed9initTimerEh
                0x00004662      0x268 src/led.o
                0x00004662                _ZN4CLed9initTimerEh
 .text.main     0x000048ca       0xaa src/miniproject.o
                0x000048ca                main
 .text._Z4taskv
                0x00004974      0x21c src/miniproject.o
                0x00004974                _Z4taskv
 .text.my_callback_cdc_enable
                0x00004b90       0x16 src/miniproject.o
                0x00004b90                my_callback_cdc_enable
 .text.my_callback_cdc_disable
                0x00004ba6       0x12 src/miniproject.o
                0x00004ba6                my_callback_cdc_disable
 .text._Z41__static_initialization_and_destruction_0ii
                0x00004bb8       0xd8 src/miniproject.o
 .text._GLOBAL__sub_I_pin_changed
                0x00004c90       0x1a src/miniproject.o
 .text._GLOBAL__sub_D_pin_changed
                0x00004caa       0x1a src/miniproject.o
 .text._ZN14CPotentiometerC2Ev
                0x00004cc4       0x22 src/potentiometer.o
                0x00004cc4                _ZN14CPotentiometerC2Ev
                0x00004cc4                _ZN14CPotentiometerC1Ev
 .text._ZN14CPotentiometerD2Ev
                0x00004ce6       0x1a src/potentiometer.o
                0x00004ce6                _ZN14CPotentiometerD1Ev
                0x00004ce6                _ZN14CPotentiometerD2Ev
 .text._ZN14CPotentiometer19ReadCalibrationByteEh
                0x00004d00       0x4c src/potentiometer.o
                0x00004d00                _ZN14CPotentiometer19ReadCalibrationByteEh
 .text._ZN14CPotentiometer18potentiometer_initEv
                0x00004d4c       0xd4 src/potentiometer.o
                0x00004d4c                _ZN14CPotentiometer18potentiometer_initEv
 .text._ZN14CPotentiometer13getPercentageEv
                0x00004e20       0x3e src/potentiometer.o
                0x00004e20                _ZN14CPotentiometer13getPercentageEv
 .text.__vector_44
                0x00004e5e       0x52 src/potentiometer.o
                0x00004e5e                __vector_44
 .text.avr-libc.fplib
                0x00004eb0        0xa c:/program files (x86)/atmel/studio/7.0/toolchain/avr8/avr8-gnu-toolchain/bin/../lib/gcc/avr/4.9.2/../../../../avr/lib/avrxmega6\libm.a(cmpsf2.o)
                0x00004eb0                __nesf2
                0x00004eb0                __eqsf2
                0x00004eb0                __cmpsf2
                0x00004eb0                __ltsf2
                0x00004eb0                __lesf2
 .text.avr-libc.fplib
                0x00004eba       0x5e c:/program files (x86)/atmel/studio/7.0/toolchain/avr8/avr8-gnu-toolchain/bin/../lib/gcc/avr/4.9.2/../../../../avr/lib/avrxmega6\libm.a(fixunssfsi.o)
                0x00004eba                __fixunssfsi
 .text.avr-libc.fplib
                0x00004f18       0x48 c:/program files (x86)/atmel/studio/7.0/toolchain/avr8/avr8-gnu-toolchain/bin/../lib/gcc/avr/4.9.2/../../../../avr/lib/avrxmega6\libm.a(fp_cmp.o)
                0x00004f18                __fp_cmp
 .text.avr-libc.fplib
                0x00004f60       0x44 c:/program files (x86)/atmel/studio/7.0/toolchain/avr8/avr8-gnu-toolchain/bin/../lib/gcc/avr/4.9.2/../../../../avr/lib/avrxmega6\libm.a(fp_split3.o)
                0x00004f60                __fp_split3
                0x00004f70                __fp_splitA
 .text.avr-libc.fplib
                0x00004fa4        0xe c:/program files (x86)/atmel/studio/7.0/toolchain/avr8/avr8-gnu-toolchain/bin/../lib/gcc/avr/4.9.2/../../../../avr/lib/avrxmega6\libm.a(fp_zero.o)
                0x00004fa4                __fp_zero
                0x00004fa6                __fp_szero
 .text.avr-libc.fplib
                0x00004fb2        0xa c:/program files (x86)/atmel/studio/7.0/toolchain/avr8/avr8-gnu-toolchain/bin/../lib/gcc/avr/4.9.2/../../../../avr/lib/avrxmega6\libm.a(gesf2.o)
                0x00004fb2                __gesf2
                0x00004fb2                __gtsf2
 .text.avr-libc.fplib
                0x00004fbc        0x8 c:/program files (x86)/atmel/studio/7.0/toolchain/avr8/avr8-gnu-toolchain/bin/../lib/gcc/avr/4.9.2/../../../../avr/lib/avrxmega6\libm.a(mulsf3.o)
                0x00004fbc                __mulsf3
 .text.avr-libc.fplib
                0x00004fc4       0xd2 c:/program files (x86)/atmel/studio/7.0/toolchain/avr8/avr8-gnu-toolchain/bin/../lib/gcc/avr/4.9.2/../../../../avr/lib/avrxmega6\libm.a(mulsf3x.o)
                0x00004fe2                __mulsf3x
                0x00004fe8                __mulsf3_pse
 .text.avr-libc.fplib
                0x00005096        0xc c:/program files (x86)/atmel/studio/7.0/toolchain/avr8/avr8-gnu-toolchain/bin/../lib/gcc/avr/4.9.2/../../../../avr/lib/avrxmega6\libm.a(fp_inf.o)
                0x00005096                __fp_inf
 .text.avr-libc.fplib
                0x000050a2        0x6 c:/program files (x86)/atmel/studio/7.0/toolchain/avr8/avr8-gnu-toolchain/bin/../lib/gcc/avr/4.9.2/../../../../avr/lib/avrxmega6\libm.a(fp_nan.o)
                0x000050a2                __fp_nan
 .text.avr-libc.fplib
                0x000050a8        0xe c:/program files (x86)/atmel/studio/7.0/toolchain/avr8/avr8-gnu-toolchain/bin/../lib/gcc/avr/4.9.2/../../../../avr/lib/avrxmega6\libm.a(fp_pscA.o)
                0x000050a8                __fp_pscA
 .text.avr-libc.fplib
                0x000050b6        0xe c:/program files (x86)/atmel/studio/7.0/toolchain/avr8/avr8-gnu-toolchain/bin/../lib/gcc/avr/4.9.2/../../../../avr/lib/avrxmega6\libm.a(fp_pscB.o)
                0x000050b6                __fp_pscB
 .text.avr-libc.fplib
                0x000050c4       0x22 c:/program files (x86)/atmel/studio/7.0/toolchain/avr8/avr8-gnu-toolchain/bin/../lib/gcc/avr/4.9.2/../../../../avr/lib/avrxmega6\libm.a(fp_round.o)
                0x000050c4                __fp_round
 .text.libgcc.div
                0x000050e6       0x28 c:/program files (x86)/atmel/studio/7.0/toolchain/avr8/avr8-gnu-toolchain/bin/../lib/gcc/avr/4.9.2/avrxmega6\libgcc.a(_udivmodhi4.o)
                0x000050e6                __udivmodhi4
 .text.libgcc.div
                0x0000510e       0x2e c:/program files (x86)/atmel/studio/7.0/toolchain/avr8/avr8-gnu-toolchain/bin/../lib/gcc/avr/4.9.2/avrxmega6\libgcc.a(_divmodsi4.o)
                0x0000510e                __divmodsi4
 .text.libgcc.div
                0x0000513c       0x10 c:/program files (x86)/atmel/studio/7.0/toolchain/avr8/avr8-gnu-toolchain/bin/../lib/gcc/avr/4.9.2/avrxmega6\libgcc.a(_negsi2.o)
                0x0000513c                __negsi2
 .text.libgcc   0x0000514c       0x10 c:/program files (x86)/atmel/studio/7.0/toolchain/avr8/avr8-gnu-toolchain/bin/../lib/gcc/avr/4.9.2/avrxmega6\libgcc.a(_tablejump2.o)
                0x0000514c                __tablejump2__
 .text.libgcc.mul
                0x0000515c       0x1e c:/program files (x86)/atmel/studio/7.0/toolchain/avr8/avr8-gnu-toolchain/bin/../lib/gcc/avr/4.9.2/avrxmega6\libgcc.a(_umulhisi3.o)
                0x0000515c                __umulhisi3
 .text.libgcc.div
                0x0000517a       0x44 c:/program files (x86)/atmel/studio/7.0/toolchain/avr8/avr8-gnu-toolchain/bin/../lib/gcc/avr/4.9.2/avrxmega6\libgcc.a(_udivmodsi4.o)
                0x0000517a                __udivmodsi4
 .text.avr-libc
                0x000051be       0x12 c:/program files (x86)/atmel/studio/7.0/toolchain/avr8/avr8-gnu-toolchain/bin/../lib/gcc/avr/4.9.2/../../../../avr/lib/avrxmega6\libc.a(memcpy.o)
                0x000051be                memcpy
 .text.avr-libc
                0x000051d0        0xe c:/program files (x86)/atmel/studio/7.0/toolchain/avr8/avr8-gnu-toolchain/bin/../lib/gcc/avr/4.9.2/../../../../avr/lib/avrxmega6\libc.a(strcpy.o)
                0x000051d0                strcpy
                0x000051de                . = ALIGN (0x2)
 *(.fini9)
 .fini9         0x000051de        0x0 c:/program files (x86)/atmel/studio/7.0/toolchain/avr8/avr8-gnu-toolchain/bin/../lib/gcc/avr/4.9.2/avrxmega6\libgcc.a(_exit.o)
                0x000051de                _exit
                0x000051de                exit
 *(.fini9)
 *(.fini8)
 *(.fini8)
 *(.fini7)
 *(.fini7)
 *(.fini6)
 .fini6         0x000051de       0x20 c:/program files (x86)/atmel/studio/7.0/toolchain/avr8/avr8-gnu-toolchain/bin/../lib/gcc/avr/4.9.2/avrxmega6\libgcc.a(_dtors.o)
                0x000051de                __do_global_dtors
 *(.fini6)
 *(.fini5)
 *(.fini5)
 *(.fini4)
 *(.fini4)
 *(.fini3)
 *(.fini3)
 *(.fini2)
 *(.fini2)
 *(.fini1)
 *(.fini1)
 *(.fini0)
 .fini0         0x000051fe        0x4 c:/program files (x86)/atmel/studio/7.0/toolchain/avr8/avr8-gnu-toolchain/bin/../lib/gcc/avr/4.9.2/avrxmega6\libgcc.a(_exit.o)
 *(.fini0)
                0x00005202                _etext = .

.data           0x00802000       0xd6 load address 0x00005202
                0x00802000                PROVIDE (__data_start, .)
 *(.data)
 *(.data*)
 .data.udi_api_cdc_comm
                0x00802000        0xa src/ASF/common/services/usb/class/cdc/device/udi_cdc.o
                0x00802000                udi_api_cdc_comm
 .data.udi_api_cdc_data
                0x0080200a        0xa src/ASF/common/services/usb/class/cdc/device/udi_cdc.o
                0x0080200a                udi_api_cdc_data
 .data.udc_device_desc
                0x00802014       0x12 src/ASF/common/services/usb/class/cdc/device/udi_cdc_desc.o
                0x00802014                udc_device_desc
 .data.udc_desc_fs
                0x00802026       0x44 src/ASF/common/services/usb/class/cdc/device/udi_cdc_desc.o
                0x00802026                udc_desc_fs
 .data.udi_apis
                0x0080206a        0x4 src/ASF/common/services/usb/class/cdc/device/udi_cdc_desc.o
                0x0080206a                udi_apis
 .data.udc_config_fs
                0x0080206e        0x4 src/ASF/common/services/usb/class/cdc/device/udi_cdc_desc.o
                0x0080206e                udc_config_fs
 .data.udc_config
                0x00802072        0x6 src/ASF/common/services/usb/class/cdc/device/udi_cdc_desc.o
                0x00802072                udc_config
 .data.udc_string_desc_languageid
                0x00802078        0x4 src/ASF/common/services/usb/udc/udc.o
 .data.udc_string_manufacturer_name
                0x0080207c       0x10 src/ASF/common/services/usb/udc/udc.o
 .data.udc_string_product_name
                0x0080208c       0x10 src/ASF/common/services/usb/udc/udc.o
 .data.udc_string_desc
                0x0080209c       0x20 src/ASF/common/services/usb/udc/udc.o
 *(.rodata)
 .rodata        0x008020bc        0x8 src/ui.o
 .rodata        0x008020c4       0x12 src/miniproject.o
 *(.rodata*)
 *(.gnu.linkonce.d*)
                0x008020d6                . = ALIGN (0x2)
                0x008020d6                _edata = .
                0x008020d6                PROVIDE (__data_end, .)

.bss            0x008020d6      0x2ad
                0x008020d6                PROVIDE (__bss_start, .)
 *(.bss)
 *(.bss*)
 .bss.udi_cdc_line_coding
                0x008020d6        0x8 src/ASF/common/services/usb/class/cdc/device/udi_cdc.o
 .bss.udi_cdc_state
                0x008020de        0x2 src/ASF/common/services/usb/class/cdc/device/udi_cdc.o
 .bss.uid_cdc_state_msg
                0x008020e0        0xa src/ASF/common/services/usb/class/cdc/device/udi_cdc.o
 .bss.udi_cdc_nb_comm_enabled
                0x008020ea        0x1 src/ASF/common/services/usb/class/cdc/device/udi_cdc.o
 .bss.udi_cdc_nb_data_enabled
                0x008020eb        0x1 src/ASF/common/services/usb/class/cdc/device/udi_cdc.o
 .bss.udi_cdc_data_running
                0x008020ec        0x1 src/ASF/common/services/usb/class/cdc/device/udi_cdc.o
 *fill*         0x008020ed        0x1 
 .bss.udi_cdc_rx_buf
                0x008020ee       0x80 src/ASF/common/services/usb/class/cdc/device/udi_cdc.o
 .bss.udi_cdc_rx_buf_nb
                0x0080216e        0x4 src/ASF/common/services/usb/class/cdc/device/udi_cdc.o
 .bss.udi_cdc_rx_buf_sel
                0x00802172        0x1 src/ASF/common/services/usb/class/cdc/device/udi_cdc.o
 .bss.udi_cdc_rx_pos
                0x00802173        0x2 src/ASF/common/services/usb/class/cdc/device/udi_cdc.o
 .bss.udi_cdc_rx_trans_ongoing
                0x00802175        0x1 src/ASF/common/services/usb/class/cdc/device/udi_cdc.o
 .bss.udi_cdc_tx_buf
                0x00802176       0x80 src/ASF/common/services/usb/class/cdc/device/udi_cdc.o
 .bss.udi_cdc_tx_buf_nb
                0x008021f6        0x4 src/ASF/common/services/usb/class/cdc/device/udi_cdc.o
 .bss.udi_cdc_tx_buf_sel
                0x008021fa        0x1 src/ASF/common/services/usb/class/cdc/device/udi_cdc.o
 .bss.udi_cdc_tx_sof_num
                0x008021fb        0x2 src/ASF/common/services/usb/class/cdc/device/udi_cdc.o
 .bss.udi_cdc_tx_trans_ongoing
                0x008021fd        0x1 src/ASF/common/services/usb/class/cdc/device/udi_cdc.o
 .bss.udi_cdc_tx_both_buf_to_send
                0x008021fe        0x1 src/ASF/common/services/usb/class/cdc/device/udi_cdc.o
 .bss.port_notify.4613
                0x008021ff        0x1 src/ASF/common/services/usb/class/cdc/device/udi_cdc.o
 .bss.sof_zlp_counter.4683
                0x00802200        0x2 src/ASF/common/services/usb/class/cdc/device/udi_cdc.o
 .bss.udc_device_status
                0x00802202        0x2 src/ASF/common/services/usb/udc/udc.o
 .bss.udc_iface_setting
                0x00802204        0x2 src/ASF/common/services/usb/udc/udc.o
 .bss.udc_num_configuration
                0x00802206        0x2 src/ASF/common/services/usb/udc/udc.o
 .bss.udc_ptr_conf
                0x00802208        0x2 src/ASF/common/services/usb/udc/udc.o
 .bss.udc_ptr_iface
                0x0080220a        0x2 src/ASF/common/services/usb/udc/udc.o
 .bss.udc_ep_status.4378
                0x0080220c        0x2 src/ASF/common/services/usb/udc/udc.o
 .bss.lcd_frame_callback
                0x0080220e        0x2 src/ASF/xmega/drivers/lcd/lcd.o
 .bss.udd_b_idle
                0x00802210        0x1 src/ASF/xmega/drivers/usb/usb_device.o
 *fill*         0x00802211        0x3 
 .bss.udd_sram  0x00802214       0x40 src/ASF/xmega/drivers/usb/usb_device.o
 .bss.udd_ep_control_state
                0x00802254        0x1 src/ASF/xmega/drivers/usb/usb_device.o
 .bss.udd_ctrl_prev_payload_nb_trans
                0x00802255        0x2 src/ASF/xmega/drivers/usb/usb_device.o
 .bss.udd_ctrl_payload_nb_trans
                0x00802257        0x2 src/ASF/xmega/drivers/usb/usb_device.o
 .bss.udd_ctrl_buffer
                0x00802259       0x40 src/ASF/xmega/drivers/usb/usb_device.o
 .bss.udd_ep_job
                0x00802299       0x24 src/ASF/xmega/drivers/usb/usb_device.o
 .bss.udd_ep_out_cache_buffer
                0x008022bd       0x80 src/ASF/xmega/drivers/usb/usb_device.o
 .bss.b_shortpacket.5091
                0x0080233d        0x1 src/ASF/xmega/drivers/usb/usb_device.o
 .bss._ZL30my_flag_autorize_cdc_transfert
                0x0080233e        0x1 src/miniproject.o
 .bss.pin_changed
                0x0080233f        0x1 src/miniproject.o
                0x0080233f                pin_changed
 .bss.pot       0x00802340        0x1 src/miniproject.o
                0x00802340                pot
 .bss.led0      0x00802341        0x7 src/miniproject.o
                0x00802341                led0
 .bss.led1      0x00802348        0x7 src/miniproject.o
                0x00802348                led1
 .bss.pA0       0x0080234f        0x3 src/miniproject.o
                0x0080234f                pA0
 .bss.pA1       0x00802352        0x3 src/miniproject.o
                0x00802352                pA1
 .bss.pA3       0x00802355        0x3 src/miniproject.o
                0x00802355                pA3
 .bss.pA5       0x00802358        0x3 src/miniproject.o
                0x00802358                pA5
 .bss.pA6       0x0080235b        0x3 src/miniproject.o
                0x0080235b                pA6
 .bss.pA7       0x0080235e        0x3 src/miniproject.o
                0x0080235e                pA7
 .bss.ui        0x00802361        0x9 src/miniproject.o
                0x00802361                ui
 .bss.serial    0x0080236a        0x1 src/miniproject.o
                0x0080236a                serial
 .bss._ZN14CPotentiometer5valueE
                0x0080236b        0x2 src/potentiometer.o
                0x0080236b                _ZN14CPotentiometer5valueE
 *(COMMON)
 COMMON         0x0080236d        0x6 src/ASF/common/services/sleepmgr/xmega/sleepmgr.o
                0x0080236d                sleepmgr_locks
 COMMON         0x00802373       0x10 src/ASF/xmega/drivers/usb/usb_device.o
                0x00802373                udd_g_ctrlreq
                0x00802383                PROVIDE (__bss_end, .)
                0x00005202                __data_load_start = LOADADDR (.data)
                0x000052d8                __data_load_end = (__data_load_start + SIZEOF (.data))

.noinit         0x00802383        0x0
                [!provide]                PROVIDE (__noinit_start, .)
 *(.noinit*)
                [!provide]                PROVIDE (__noinit_end, .)
                0x00802383                _end = .
                [!provide]                PROVIDE (__heap_start, .)

.eeprom         0x00810000        0x0
 *(.eeprom*)
                0x00810000                __eeprom_end = .

.fuse
 *(.fuse)
 *(.lfuse)
 *(.hfuse)
 *(.efuse)

.lock
 *(.lock*)

.signature
 *(.signature*)

.user_signatures
 *(.user_signatures*)

.stab
 *(.stab)

.stabstr
 *(.stabstr)

.stab.excl
 *(.stab.excl)

.stab.exclstr
 *(.stab.exclstr)

.stab.index
 *(.stab.index)

.stab.indexstr
 *(.stab.indexstr)

.comment        0x00000000       0x30
 *(.comment)
 .comment       0x00000000       0x30 src/ASF/common/services/clock/xmega/sysclk.o
                                 0x31 (size before relaxing)
 .comment       0x00000030       0x31 src/ASF/common/services/sleepmgr/xmega/sleepmgr.o
 .comment       0x00000030       0x31 src/ASF/common/services/usb/class/cdc/device/udi_cdc.o
 .comment       0x00000030       0x31 src/ASF/common/services/usb/class/cdc/device/udi_cdc_desc.o
 .comment       0x00000030       0x31 src/ASF/common/services/usb/udc/udc.o
 .comment       0x00000030       0x31 src/ASF/xmega/components/display/c42048a/c42048a_full_matrix0/c42048a.o
 .comment       0x00000030       0x31 src/ASF/xmega/drivers/lcd/lcd.o
 .comment       0x00000030       0x31 src/ASF/xmega/drivers/usb/usb_device.o
 .comment       0x00000030       0x31 src/deviceio.o
 .comment       0x00000030       0x31 src/serial.o
 .comment       0x00000030       0x31 src/ui.o
 .comment       0x00000030       0x31 src/led.o
 .comment       0x00000030       0x31 src/miniproject.o
 .comment       0x00000030       0x31 src/potentiometer.o

.note.gnu.avr.deviceinfo
                0x00000000       0x40
 .note.gnu.avr.deviceinfo
                0x00000000       0x40 C:/Program Files (x86)/Atmel/Studio/7.0/Packs/atmel/XMEGAB_DFP/1.0.31/gcc/dev/atxmega128b1/avrxmega6/crtatxmega128b1.o

.note.gnu.build-id
 *(.note.gnu.build-id)

.debug
 *(.debug)

.line
 *(.line)

.debug_srcinfo
 *(.debug_srcinfo)

.debug_sfnames
 *(.debug_sfnames)

.debug_aranges  0x00000000      0x830
 *(.debug_aranges)
 .debug_aranges
                0x00000000       0xa8 src/ASF/common/services/clock/xmega/sysclk.o
 .debug_aranges
                0x000000a8       0x18 src/ASF/common/services/sleepmgr/xmega/sleepmgr.o
 .debug_aranges
                0x000000c0      0x190 src/ASF/common/services/usb/class/cdc/device/udi_cdc.o
 .debug_aranges
                0x00000250       0x18 src/ASF/common/services/usb/class/cdc/device/udi_cdc_desc.o
 .debug_aranges
                0x00000268       0xf8 src/ASF/common/services/usb/udc/udc.o
 .debug_aranges
                0x00000360       0x88 src/ASF/xmega/components/display/c42048a/c42048a_full_matrix0/c42048a.o
 .debug_aranges
                0x000003e8       0x20 src/ASF/xmega/drivers/cpu/ccp.o
 .debug_aranges
                0x00000408       0x60 src/ASF/xmega/drivers/lcd/lcd.o
 .debug_aranges
                0x00000468       0x28 src/ASF/xmega/drivers/nvm/nvm_asm.o
 .debug_aranges
                0x00000490      0x190 src/ASF/xmega/drivers/usb/usb_device.o
 .debug_aranges
                0x00000620       0x50 src/deviceio.o
 .debug_aranges
                0x00000670       0x40 src/serial.o
 .debug_aranges
                0x000006b0       0x68 src/ui.o
 .debug_aranges
                0x00000718       0x78 src/led.o
 .debug_aranges
                0x00000790       0x50 src/miniproject.o
 .debug_aranges
                0x000007e0       0x50 src/potentiometer.o

.debug_pubnames
 *(.debug_pubnames)

.debug_info     0x00000000     0x8c84
 *(.debug_info .gnu.linkonce.wi.*)
 .debug_info    0x00000000      0x88d src/ASF/common/services/clock/xmega/sysclk.o
 .debug_info    0x0000088d      0x120 src/ASF/common/services/sleepmgr/xmega/sleepmgr.o
 .debug_info    0x000009ad     0x1121 src/ASF/common/services/usb/class/cdc/device/udi_cdc.o
 .debug_info    0x00001ace      0x7bd src/ASF/common/services/usb/class/cdc/device/udi_cdc_desc.o
 .debug_info    0x0000228b      0xcb5 src/ASF/common/services/usb/udc/udc.o
 .debug_info    0x00002f40      0x7b0 src/ASF/xmega/components/display/c42048a/c42048a_full_matrix0/c42048a.o
 .debug_info    0x000036f0       0x8a src/ASF/xmega/drivers/cpu/ccp.o
 .debug_info    0x0000377a      0x60f src/ASF/xmega/drivers/lcd/lcd.o
 .debug_info    0x00003d89       0x8a src/ASF/xmega/drivers/nvm/nvm_asm.o
 .debug_info    0x00003e13     0x1554 src/ASF/xmega/drivers/usb/usb_device.o
 .debug_info    0x00005367      0x57a src/deviceio.o
 .debug_info    0x000058e1      0x281 src/serial.o
 .debug_info    0x00005b62      0x6ef src/ui.o
 .debug_info    0x00006251     0x123e src/led.o
 .debug_info    0x0000748f      0xbce src/miniproject.o
 .debug_info    0x0000805d      0xc27 src/potentiometer.o

.debug_abbrev   0x00000000     0x1d0d
 *(.debug_abbrev)
 .debug_abbrev  0x00000000      0x205 src/ASF/common/services/clock/xmega/sysclk.o
 .debug_abbrev  0x00000205       0x71 src/ASF/common/services/sleepmgr/xmega/sleepmgr.o
 .debug_abbrev  0x00000276      0x294 src/ASF/common/services/usb/class/cdc/device/udi_cdc.o
 .debug_abbrev  0x0000050a       0xfe src/ASF/common/services/usb/class/cdc/device/udi_cdc_desc.o
 .debug_abbrev  0x00000608      0x253 src/ASF/common/services/usb/udc/udc.o
 .debug_abbrev  0x0000085b      0x1d8 src/ASF/xmega/components/display/c42048a/c42048a_full_matrix0/c42048a.o
 .debug_abbrev  0x00000a33       0x14 src/ASF/xmega/drivers/cpu/ccp.o
 .debug_abbrev  0x00000a47      0x1a1 src/ASF/xmega/drivers/lcd/lcd.o
 .debug_abbrev  0x00000be8       0x12 src/ASF/xmega/drivers/nvm/nvm_asm.o
 .debug_abbrev  0x00000bfa      0x3b5 src/ASF/xmega/drivers/usb/usb_device.o
 .debug_abbrev  0x00000faf      0x1d4 src/deviceio.o
 .debug_abbrev  0x00001183      0x159 src/serial.o
 .debug_abbrev  0x000012dc      0x241 src/ui.o
 .debug_abbrev  0x0000151d      0x273 src/led.o
 .debug_abbrev  0x00001790      0x334 src/miniproject.o
 .debug_abbrev  0x00001ac4      0x249 src/potentiometer.o

.debug_line     0x00000000     0x6c9e
 *(.debug_line .debug_line.* .debug_line_end)
 .debug_line    0x00000000      0x902 src/ASF/common/services/clock/xmega/sysclk.o
 .debug_line    0x00000902      0x455 src/ASF/common/services/sleepmgr/xmega/sleepmgr.o
 .debug_line    0x00000d57     0x1167 src/ASF/common/services/usb/class/cdc/device/udi_cdc.o
 .debug_line    0x00001ebe      0x4c6 src/ASF/common/services/usb/class/cdc/device/udi_cdc_desc.o
 .debug_line    0x00002384      0xe07 src/ASF/common/services/usb/udc/udc.o
 .debug_line    0x0000318b      0x8be src/ASF/xmega/components/display/c42048a/c42048a_full_matrix0/c42048a.o
 .debug_line    0x00003a49       0x6e src/ASF/xmega/drivers/cpu/ccp.o
 .debug_line    0x00003ab7      0x65b src/ASF/xmega/drivers/lcd/lcd.o
 .debug_line    0x00004112      0x11f src/ASF/xmega/drivers/nvm/nvm_asm.o
 .debug_line    0x00004231     0x173f src/ASF/xmega/drivers/usb/usb_device.o
 .debug_line    0x00005970      0x307 src/deviceio.o
 .debug_line    0x00005c77      0x1d1 src/serial.o
 .debug_line    0x00005e48      0x329 src/ui.o
 .debug_line    0x00006171      0x421 src/led.o
 .debug_line    0x00006592      0x4e0 src/miniproject.o
 .debug_line    0x00006a72      0x22c src/potentiometer.o

.debug_frame    0x00000000     0x1e3c
 *(.debug_frame)
 .debug_frame   0x00000000      0x260 src/ASF/common/services/clock/xmega/sysclk.o
 .debug_frame   0x00000260      0x62c src/ASF/common/services/usb/class/cdc/device/udi_cdc.o
 .debug_frame   0x0000088c      0x394 src/ASF/common/services/usb/udc/udc.o
 .debug_frame   0x00000c20      0x1dc src/ASF/xmega/components/display/c42048a/c42048a_full_matrix0/c42048a.o
 .debug_frame   0x00000dfc      0x180 src/ASF/xmega/drivers/lcd/lcd.o
 .debug_frame   0x00000f7c      0x6dc src/ASF/xmega/drivers/usb/usb_device.o
 .debug_frame   0x00001658      0x100 src/deviceio.o
 .debug_frame   0x00001758       0xb4 src/serial.o
 .debug_frame   0x0000180c      0x15c src/ui.o
 .debug_frame   0x00001968      0x2c4 src/led.o
 .debug_frame   0x00001c2c       0xf4 src/miniproject.o
 .debug_frame   0x00001d20      0x11c src/potentiometer.o

.debug_str      0x00000000    0x302be
 *(.debug_str)
 .debug_str     0x00000000    0x2559f src/ASF/common/services/clock/xmega/sysclk.o
                              0x25b85 (size before relaxing)
 .debug_str     0x0002559f      0x3b7 src/ASF/common/services/sleepmgr/xmega/sleepmgr.o
                              0x2426a (size before relaxing)
 .debug_str     0x00025956     0x49d5 src/ASF/common/services/usb/class/cdc/device/udi_cdc.o
                              0x28915 (size before relaxing)
 .debug_str     0x0002a32b      0x5e8 src/ASF/common/services/usb/class/cdc/device/udi_cdc_desc.o
                              0x27fd0 (size before relaxing)
 .debug_str     0x0002a913      0x71c src/ASF/common/services/usb/udc/udc.o
                              0x27074 (size before relaxing)
 .debug_str     0x0002b02f      0x864 src/ASF/xmega/components/display/c42048a/c42048a_full_matrix0/c42048a.o
                              0x24b47 (size before relaxing)
 .debug_str     0x0002b893      0x119 src/ASF/xmega/drivers/lcd/lcd.o
                              0x24515 (size before relaxing)
 .debug_str     0x0002b9ac     0x3822 src/ASF/xmega/drivers/usb/usb_device.o
                              0x2bb9d (size before relaxing)
 .debug_str     0x0002f1ce      0x491 src/deviceio.o
                                0x5b0 (size before relaxing)
 .debug_str     0x0002f65f      0x123 src/serial.o
                                0x2e4 (size before relaxing)
 .debug_str     0x0002f782       0xf2 src/ui.o
                                0x5e9 (size before relaxing)
 .debug_str     0x0002f874      0x501 src/led.o
                                0x9f5 (size before relaxing)
 .debug_str     0x0002fd75      0x27b src/miniproject.o
                                0xc17 (size before relaxing)
 .debug_str     0x0002fff0      0x2ce src/potentiometer.o
                                0xc20 (size before relaxing)

.debug_loc      0x00000000     0x3f9c
 *(.debug_loc)
 .debug_loc     0x00000000      0x51d src/ASF/common/services/clock/xmega/sysclk.o
 .debug_loc     0x0000051d      0xd15 src/ASF/common/services/usb/class/cdc/device/udi_cdc.o
 .debug_loc     0x00001232      0x71b src/ASF/common/services/usb/udc/udc.o
 .debug_loc     0x0000194d      0x3d5 src/ASF/xmega/components/display/c42048a/c42048a_full_matrix0/c42048a.o
 .debug_loc     0x00001d22      0x33d src/ASF/xmega/drivers/lcd/lcd.o
 .debug_loc     0x0000205f      0xe90 src/ASF/xmega/drivers/usb/usb_device.o
 .debug_loc     0x00002eef      0x211 src/deviceio.o
 .debug_loc     0x00003100      0x168 src/serial.o
 .debug_loc     0x00003268      0x2dc src/ui.o
 .debug_loc     0x00003544      0x650 src/led.o
 .debug_loc     0x00003b94      0x1b6 src/miniproject.o
 .debug_loc     0x00003d4a      0x252 src/potentiometer.o

.debug_macinfo
 *(.debug_macinfo)

.debug_weaknames
 *(.debug_weaknames)

.debug_funcnames
 *(.debug_funcnames)

.debug_typenames
 *(.debug_typenames)

.debug_varnames
 *(.debug_varnames)

.debug_pubtypes
 *(.debug_pubtypes)

.debug_ranges   0x00000000      0x730
 *(.debug_ranges)
 .debug_ranges  0x00000000       0x98 src/ASF/common/services/clock/xmega/sysclk.o
 .debug_ranges  0x00000098      0x180 src/ASF/common/services/usb/class/cdc/device/udi_cdc.o
 .debug_ranges  0x00000218      0x100 src/ASF/common/services/usb/udc/udc.o
 .debug_ranges  0x00000318       0x78 src/ASF/xmega/components/display/c42048a/c42048a_full_matrix0/c42048a.o
 .debug_ranges  0x00000390       0x50 src/ASF/xmega/drivers/lcd/lcd.o
 .debug_ranges  0x000003e0       0x20 src/ASF/xmega/drivers/nvm/nvm_asm.o
 .debug_ranges  0x00000400      0x180 src/ASF/xmega/drivers/usb/usb_device.o
 .debug_ranges  0x00000580       0x40 src/deviceio.o
 .debug_ranges  0x000005c0       0x30 src/serial.o
 .debug_ranges  0x000005f0       0x58 src/ui.o
 .debug_ranges  0x00000648       0x68 src/led.o
 .debug_ranges  0x000006b0       0x40 src/miniproject.o
 .debug_ranges  0x000006f0       0x40 src/potentiometer.o

.debug_macro    0x00000000     0x1581
 *(.debug_macro)
 .debug_macro   0x00000000      0x1e6 src/ASF/common/services/clock/xmega/sysclk.o
 .debug_macro   0x000001e6      0x1a3 src/ASF/common/services/sleepmgr/xmega/sleepmgr.o
 .debug_macro   0x00000389      0x299 src/ASF/common/services/usb/class/cdc/device/udi_cdc.o
 .debug_macro   0x00000622       0x8e src/ASF/common/services/usb/class/cdc/device/udi_cdc.o
 .debug_macro   0x000006b0       0x16 src/ASF/common/services/usb/class/cdc/device/udi_cdc.o
 .debug_macro   0x000006c6      0x20a src/ASF/common/services/usb/class/cdc/device/udi_cdc_desc.o
 .debug_macro   0x000008d0      0x1f6 src/ASF/common/services/usb/udc/udc.o
 .debug_macro   0x00000ac6      0x1cb src/ASF/xmega/components/display/c42048a/c42048a_full_matrix0/c42048a.o
 .debug_macro   0x00000c91      0x1bc src/ASF/xmega/drivers/lcd/lcd.o
 .debug_macro   0x00000e4d      0x2ca src/ASF/xmega/drivers/usb/usb_device.o
 .debug_macro   0x00001117      0x46a src/ASF/xmega/drivers/usb/usb_device.o
OUTPUT(MiniProject.elf elf32-avr)
LOAD linker stubs
