Archive member included to satisfy reference by file (symbol)

c:/program files (x86)/atmel/studio/7.0/toolchain/avr8/avr8-gnu-toolchain/bin/../lib/gcc/avr/4.9.2/avrxmega6\libgcc.a(_udivmodhi4.o)
                              src/ASF/xmega/components/display/c42048a/c42048a_full_matrix0/c42048a.o (__udivmodhi4)
c:/program files (x86)/atmel/studio/7.0/toolchain/avr8/avr8-gnu-toolchain/bin/../lib/gcc/avr/4.9.2/avrxmega6\libgcc.a(_divmodsi4.o)
                              src/led.o (__divmodsi4)
c:/program files (x86)/atmel/studio/7.0/toolchain/avr8/avr8-gnu-toolchain/bin/../lib/gcc/avr/4.9.2/avrxmega6\libgcc.a(_negsi2.o)
                              c:/program files (x86)/atmel/studio/7.0/toolchain/avr8/avr8-gnu-toolchain/bin/../lib/gcc/avr/4.9.2/avrxmega6\libgcc.a(_divmodsi4.o) (__negsi2)
c:/program files (x86)/atmel/studio/7.0/toolchain/avr8/avr8-gnu-toolchain/bin/../lib/gcc/avr/4.9.2/avrxmega6\libgcc.a(_exit.o)
                              C:/Program Files (x86)/Atmel/Studio/7.0/Packs/atmel/XMEGAB_DFP/1.0.31/gcc/dev/atxmega128b1/avrxmega6/crtatxmega128b1.o (exit)
c:/program files (x86)/atmel/studio/7.0/toolchain/avr8/avr8-gnu-toolchain/bin/../lib/gcc/avr/4.9.2/avrxmega6\libgcc.a(_tablejump2.o)
                              src/deviceio.o (__tablejump2__)
c:/program files (x86)/atmel/studio/7.0/toolchain/avr8/avr8-gnu-toolchain/bin/../lib/gcc/avr/4.9.2/avrxmega6\libgcc.a(_copy_data.o)
                              src/ASF/common/services/sleepmgr/xmega/sleepmgr.o (__do_copy_data)
c:/program files (x86)/atmel/studio/7.0/toolchain/avr8/avr8-gnu-toolchain/bin/../lib/gcc/avr/4.9.2/avrxmega6\libgcc.a(_clear_bss.o)
                              src/ASF/common/services/sleepmgr/xmega/sleepmgr.o (__do_clear_bss)
c:/program files (x86)/atmel/studio/7.0/toolchain/avr8/avr8-gnu-toolchain/bin/../lib/gcc/avr/4.9.2/avrxmega6\libgcc.a(_ctors.o)
                              src/miniproject.o (__do_global_ctors)
c:/program files (x86)/atmel/studio/7.0/toolchain/avr8/avr8-gnu-toolchain/bin/../lib/gcc/avr/4.9.2/avrxmega6\libgcc.a(_dtors.o)
                              src/miniproject.o (__do_global_dtors)
c:/program files (x86)/atmel/studio/7.0/toolchain/avr8/avr8-gnu-toolchain/bin/../lib/gcc/avr/4.9.2/avrxmega6\libgcc.a(_udivmodsi4.o)
                              c:/program files (x86)/atmel/studio/7.0/toolchain/avr8/avr8-gnu-toolchain/bin/../lib/gcc/avr/4.9.2/avrxmega6\libgcc.a(_divmodsi4.o) (__udivmodsi4)
c:/program files (x86)/atmel/studio/7.0/toolchain/avr8/avr8-gnu-toolchain/bin/../lib/gcc/avr/4.9.2/../../../../avr/lib/avrxmega6\libc.a(memcpy.o)
                              src/ASF/common/services/usb/class/cdc/device/udi_cdc.o (memcpy)
c:/program files (x86)/atmel/studio/7.0/toolchain/avr8/avr8-gnu-toolchain/bin/../lib/gcc/avr/4.9.2/../../../../avr/lib/avrxmega6\libc.a(strcpy.o)
                              src/ui.o (strcpy)

Allocating common symbols
Common symbol       size              file

udd_g_ctrlreq       0x10              src/ASF/xmega/drivers/usb/usb_device.o
sleepmgr_locks      0x6               src/ASF/common/services/sleepmgr/xmega/sleepmgr.o

Discarded input sections

 .data          0x00000000        0x0 C:/Program Files (x86)/Atmel/Studio/7.0/Packs/atmel/XMEGAB_DFP/1.0.31/gcc/dev/atxmega128b1/avrxmega6/crtatxmega128b1.o
 .bss           0x00000000        0x0 C:/Program Files (x86)/Atmel/Studio/7.0/Packs/atmel/XMEGAB_DFP/1.0.31/gcc/dev/atxmega128b1/avrxmega6/crtatxmega128b1.o
 .text          0x00000000        0x0 src/ASF/common/boards/user_board/init.o
 .data          0x00000000        0x0 src/ASF/common/boards/user_board/init.o
 .bss           0x00000000        0x0 src/ASF/common/boards/user_board/init.o
 .text.board_init
                0x00000000        0x2 src/ASF/common/boards/user_board/init.o
 .comment       0x00000000       0x31 src/ASF/common/boards/user_board/init.o
 .text          0x00000000        0x0 src/ASF/common/services/clock/xmega/sysclk.o
 .data          0x00000000        0x0 src/ASF/common/services/clock/xmega/sysclk.o
 .bss           0x00000000        0x0 src/ASF/common/services/clock/xmega/sysclk.o
 .text.sysclk_disable_module
                0x00000000       0x22 src/ASF/common/services/clock/xmega/sysclk.o
 .text.sysclk_disable_usb
                0x00000000       0x12 src/ASF/common/services/clock/xmega/sysclk.o
 .text          0x00000000        0x0 src/ASF/common/services/sleepmgr/xmega/sleepmgr.o
 .data          0x00000000        0x0 src/ASF/common/services/sleepmgr/xmega/sleepmgr.o
 .bss           0x00000000        0x0 src/ASF/common/services/sleepmgr/xmega/sleepmgr.o
 .data.sleepmgr_configs
                0x00000000        0x6 src/ASF/common/services/sleepmgr/xmega/sleepmgr.o
 .text          0x00000000        0x0 src/ASF/common/services/usb/class/cdc/device/udi_cdc.o
 .data          0x00000000        0x0 src/ASF/common/services/usb/class/cdc/device/udi_cdc.o
 .bss           0x00000000        0x0 src/ASF/common/services/usb/class/cdc/device/udi_cdc.o
 .text.udi_cdc_ctrl_state_notify.isra.5
                0x00000000       0x4e src/ASF/common/services/usb/class/cdc/device/udi_cdc.o
 .text.udi_cdc_serial_state_msg_sent
                0x00000000       0x2a src/ASF/common/services/usb/class/cdc/device/udi_cdc.o
 .text.udi_cdc_ctrl_state_change.isra.7
                0x00000000       0x3e src/ASF/common/services/usb/class/cdc/device/udi_cdc.o
 .text.udi_cdc_ctrl_signal_dcd
                0x00000000        0x8 src/ASF/common/services/usb/class/cdc/device/udi_cdc.o
 .text.udi_cdc_ctrl_signal_dsr
                0x00000000        0x8 src/ASF/common/services/usb/class/cdc/device/udi_cdc.o
 .text.udi_cdc_signal_framing_error
                0x00000000        0xa src/ASF/common/services/usb/class/cdc/device/udi_cdc.o
 .text.udi_cdc_signal_parity_error
                0x00000000        0xa src/ASF/common/services/usb/class/cdc/device/udi_cdc.o
 .text.udi_cdc_signal_overrun
                0x00000000        0xa src/ASF/common/services/usb/class/cdc/device/udi_cdc.o
 .text.udi_cdc_multi_ctrl_signal_dcd
                0x00000000        0xa src/ASF/common/services/usb/class/cdc/device/udi_cdc.o
 .text.udi_cdc_multi_ctrl_signal_dsr
                0x00000000        0xa src/ASF/common/services/usb/class/cdc/device/udi_cdc.o
 .text.udi_cdc_multi_signal_framing_error
                0x00000000        0xa src/ASF/common/services/usb/class/cdc/device/udi_cdc.o
 .text.udi_cdc_multi_signal_parity_error
                0x00000000        0xa src/ASF/common/services/usb/class/cdc/device/udi_cdc.o
 .text.udi_cdc_multi_signal_overrun
                0x00000000        0xa src/ASF/common/services/usb/class/cdc/device/udi_cdc.o
 .text.udi_cdc_get_nb_received_data
                0x00000000        0x6 src/ASF/common/services/usb/class/cdc/device/udi_cdc.o
 .text.udi_cdc_is_rx_ready
                0x00000000        0x6 src/ASF/common/services/usb/class/cdc/device/udi_cdc.o
 .text.udi_cdc_multi_getc
                0x00000000       0x88 src/ASF/common/services/usb/class/cdc/device/udi_cdc.o
 .text.udi_cdc_getc
                0x00000000        0x6 src/ASF/common/services/usb/class/cdc/device/udi_cdc.o
 .text.udi_cdc_multi_read_buf
                0x00000000       0xaa src/ASF/common/services/usb/class/cdc/device/udi_cdc.o
 .text.udi_cdc_read_no_polling
                0x00000000       0xa8 src/ASF/common/services/usb/class/cdc/device/udi_cdc.o
 .text.udi_cdc_read_buf
                0x00000000        0xa src/ASF/common/services/usb/class/cdc/device/udi_cdc.o
 .text.udi_cdc_get_free_tx_buffer
                0x00000000        0x6 src/ASF/common/services/usb/class/cdc/device/udi_cdc.o
 .text.udi_cdc_multi_write_buf
                0x00000000       0xc8 src/ASF/common/services/usb/class/cdc/device/udi_cdc.o
 .text.udi_cdc_write_buf
                0x00000000        0xa src/ASF/common/services/usb/class/cdc/device/udi_cdc.o
 .bss.udi_cdc_serial_state_msg_ongoing
                0x00000000        0x1 src/ASF/common/services/usb/class/cdc/device/udi_cdc.o
 .text          0x00000000        0x0 src/ASF/common/services/usb/class/cdc/device/udi_cdc_desc.o
 .data          0x00000000        0x0 src/ASF/common/services/usb/class/cdc/device/udi_cdc_desc.o
 .bss           0x00000000        0x0 src/ASF/common/services/usb/class/cdc/device/udi_cdc_desc.o
 .text          0x00000000        0x0 src/ASF/common/services/usb/udc/udc.o
 .data          0x00000000        0x0 src/ASF/common/services/usb/udc/udc.o
 .bss           0x00000000        0x0 src/ASF/common/services/usb/udc/udc.o
 .text.udc_get_interface_desc
                0x00000000        0xa src/ASF/common/services/usb/udc/udc.o
 .text.udc_stop
                0x00000000        0x8 src/ASF/common/services/usb/udc/udc.o
 .text          0x00000000        0x0 src/ASF/xmega/components/display/c42048a/c42048a_full_matrix0/c42048a.o
 .data          0x00000000        0x0 src/ASF/xmega/components/display/c42048a/c42048a_full_matrix0/c42048a.o
 .bss           0x00000000        0x0 src/ASF/xmega/components/display/c42048a/c42048a_full_matrix0/c42048a.o
 .text.conv_ascii
                0x00000000       0x12 src/ASF/xmega/components/display/c42048a/c42048a_full_matrix0/c42048a.o
 .text.c42048a_bar_graph
                0x00000000       0xc0 src/ASF/xmega/components/display/c42048a/c42048a_full_matrix0/c42048a.o
 .text.c42048a_set_numeric_dec
                0x00000000      0x108 src/ASF/xmega/components/display/c42048a/c42048a_full_matrix0/c42048a.o
 .text          0x00000000        0x0 src/ASF/xmega/drivers/cpu/ccp.o
 .data          0x00000000        0x0 src/ASF/xmega/drivers/cpu/ccp.o
 .bss           0x00000000        0x0 src/ASF/xmega/drivers/cpu/ccp.o
 .text          0x00000000        0x0 src/ASF/xmega/drivers/lcd/lcd.o
 .data          0x00000000        0x0 src/ASF/xmega/drivers/lcd/lcd.o
 .bss           0x00000000        0x0 src/ASF/xmega/drivers/lcd/lcd.o
 .text.lcd_set_frame_interrupt_callback
                0x00000000        0xa src/ASF/xmega/drivers/lcd/lcd.o
 .text.lcd_wait_n_int
                0x00000000       0x20 src/ASF/xmega/drivers/lcd/lcd.o
 .text.lcd_set_pixel
                0x00000000       0x36 src/ASF/xmega/drivers/lcd/lcd.o
 .text.lcd_clear_pixel
                0x00000000       0x38 src/ASF/xmega/drivers/lcd/lcd.o
 .text.lcd_tgl_pixel
                0x00000000       0x3e src/ASF/xmega/drivers/lcd/lcd.o
 .text.lcd_get_pixel
                0x00000000       0x3e src/ASF/xmega/drivers/lcd/lcd.o
 .text          0x00000000        0x0 src/ASF/xmega/drivers/nvm/nvm.o
 .data          0x00000000        0x0 src/ASF/xmega/drivers/nvm/nvm.o
 .bss           0x00000000        0x0 src/ASF/xmega/drivers/nvm/nvm.o
 .text.nvm_wait_until_ready
                0x00000000        0xa src/ASF/xmega/drivers/nvm/nvm.o
 .text.nvm_read_production_signature_row
                0x00000000        0xa src/ASF/xmega/drivers/nvm/nvm.o
 .text.nvm_issue_command
                0x00000000       0x22 src/ASF/xmega/drivers/nvm/nvm.o
 .text.nvm_read_device_serial
                0x00000000       0x64 src/ASF/xmega/drivers/nvm/nvm.o
 .text.nvm_eeprom_read_byte
                0x00000000       0x24 src/ASF/xmega/drivers/nvm/nvm.o
 .text.nvm_eeprom_read_buffer
                0x00000000       0x60 src/ASF/xmega/drivers/nvm/nvm.o
 .text.nvm_eeprom_flush_buffer
                0x00000000       0x1e src/ASF/xmega/drivers/nvm/nvm.o
 .text.nvm_eeprom_load_byte_to_buffer
                0x00000000       0x3a src/ASF/xmega/drivers/nvm/nvm.o
 .text.nvm_eeprom_write_byte
                0x00000000       0x64 src/ASF/xmega/drivers/nvm/nvm.o
 .text.nvm_eeprom_load_page_to_buffer
                0x00000000       0x28 src/ASF/xmega/drivers/nvm/nvm.o
 .text.nvm_eeprom_atomic_write_page
                0x00000000       0x30 src/ASF/xmega/drivers/nvm/nvm.o
 .text.nvm_eeprom_erase_and_write_buffer
                0x00000000       0x7e src/ASF/xmega/drivers/nvm/nvm.o
 .text.nvm_eeprom_split_write_page
                0x00000000       0x30 src/ASF/xmega/drivers/nvm/nvm.o
 .text.nvm_eeprom_fill_buffer_with_value
                0x00000000       0x24 src/ASF/xmega/drivers/nvm/nvm.o
 .text.nvm_eeprom_erase_bytes_in_page
                0x00000000       0x30 src/ASF/xmega/drivers/nvm/nvm.o
 .text.nvm_eeprom_erase_page
                0x00000000       0x12 src/ASF/xmega/drivers/nvm/nvm.o
 .text.nvm_eeprom_erase_bytes_in_all_pages
                0x00000000        0xa src/ASF/xmega/drivers/nvm/nvm.o
 .text.nvm_eeprom_erase_all
                0x00000000        0xa src/ASF/xmega/drivers/nvm/nvm.o
 .text.nvm_issue_flash_range_crc
                0x00000000       0x5a src/ASF/xmega/drivers/nvm/nvm.o
 .text.nvm_flash_read_buffer
                0x00000000       0x60 src/ASF/xmega/drivers/nvm/nvm.o
 .text.nvm_user_sig_read_buffer
                0x00000000       0x40 src/ASF/xmega/drivers/nvm/nvm.o
 .text.nvm_user_sig_write_buffer
                0x00000000      0x12e src/ASF/xmega/drivers/nvm/nvm.o
 .text.nvm_flash_erase_and_write_buffer
                0x00000000      0x150 src/ASF/xmega/drivers/nvm/nvm.o
 .text.nvm_fuses_read
                0x00000000       0x34 src/ASF/xmega/drivers/nvm/nvm.o
 .comment       0x00000000       0x31 src/ASF/xmega/drivers/nvm/nvm.o
 .text          0x00000000        0x0 src/ASF/xmega/drivers/nvm/nvm_asm.o
 .data          0x00000000        0x0 src/ASF/xmega/drivers/nvm/nvm_asm.o
 .bss           0x00000000        0x0 src/ASF/xmega/drivers/nvm/nvm_asm.o
 .BOOT          0x00000000       0x44 src/ASF/xmega/drivers/nvm/nvm_asm.o
 .text          0x00000000        0x0 src/ASF/xmega/drivers/usb/usb_device.o
 .data          0x00000000        0x0 src/ASF/xmega/drivers/usb/usb_device.o
 .bss           0x00000000        0x0 src/ASF/xmega/drivers/usb/usb_device.o
 .text.udd_disable
                0x00000000       0x2e src/ASF/xmega/drivers/usb/usb_device.o
 .text.udd_include_vbus_monitoring
                0x00000000        0x4 src/ASF/xmega/drivers/usb/usb_device.o
 .text.udd_detach
                0x00000000        0xc src/ASF/xmega/drivers/usb/usb_device.o
 .text.udd_send_remotewakeup
                0x00000000       0x24 src/ASF/xmega/drivers/usb/usb_device.o
 .text.udd_ep_wait_stall_clear
                0x00000000       0x4e src/ASF/xmega/drivers/usb/usb_device.o
 .text.udd_ep_is_valid
                0x00000000       0x10 src/ASF/xmega/drivers/usb/usb_device.o
 .text          0x00000000        0x0 src/deviceio.o
 .data          0x00000000        0x0 src/deviceio.o
 .bss           0x00000000        0x0 src/deviceio.o
 .text          0x00000000        0x0 src/serial.o
 .data          0x00000000        0x0 src/serial.o
 .bss           0x00000000        0x0 src/serial.o
 .text._ZN7CSerial11serial_initEv
                0x00000000       0x34 src/serial.o
 .text          0x00000000        0x0 src/ui.o
 .data          0x00000000        0x0 src/ui.o
 .bss           0x00000000        0x0 src/ui.o
 .text          0x00000000        0x0 src/led.o
 .data          0x00000000        0x0 src/led.o
 .bss           0x00000000        0x0 src/led.o
 .text          0x00000000        0x0 src/miniproject.o
 .data          0x00000000        0x0 src/miniproject.o
 .bss           0x00000000        0x0 src/miniproject.o
 .text          0x00000000        0x0 src/potentiometer.o
 .data          0x00000000        0x0 src/potentiometer.o
 .bss           0x00000000        0x0 src/potentiometer.o
 .text._ZN14CPotentiometer19ReadCalibrationByteEh
                0x00000000       0x12 src/potentiometer.o
 .text._ZN14CPotentiometer8getValueEv
                0x00000000        0xa src/potentiometer.o
 .text          0x00000000        0x0 c:/program files (x86)/atmel/studio/7.0/toolchain/avr8/avr8-gnu-toolchain/bin/../lib/gcc/avr/4.9.2/avrxmega6\libgcc.a(_udivmodhi4.o)
 .data          0x00000000        0x0 c:/program files (x86)/atmel/studio/7.0/toolchain/avr8/avr8-gnu-toolchain/bin/../lib/gcc/avr/4.9.2/avrxmega6\libgcc.a(_udivmodhi4.o)
 .bss           0x00000000        0x0 c:/program files (x86)/atmel/studio/7.0/toolchain/avr8/avr8-gnu-toolchain/bin/../lib/gcc/avr/4.9.2/avrxmega6\libgcc.a(_udivmodhi4.o)
 .text.libgcc.mul
                0x00000000        0x0 c:/program files (x86)/atmel/studio/7.0/toolchain/avr8/avr8-gnu-toolchain/bin/../lib/gcc/avr/4.9.2/avrxmega6\libgcc.a(_udivmodhi4.o)
 .text.libgcc   0x00000000        0x0 c:/program files (x86)/atmel/studio/7.0/toolchain/avr8/avr8-gnu-toolchain/bin/../lib/gcc/avr/4.9.2/avrxmega6\libgcc.a(_udivmodhi4.o)
 .text.libgcc.prologue
                0x00000000        0x0 c:/program files (x86)/atmel/studio/7.0/toolchain/avr8/avr8-gnu-toolchain/bin/../lib/gcc/avr/4.9.2/avrxmega6\libgcc.a(_udivmodhi4.o)
 .text.libgcc.builtins
                0x00000000        0x0 c:/program files (x86)/atmel/studio/7.0/toolchain/avr8/avr8-gnu-toolchain/bin/../lib/gcc/avr/4.9.2/avrxmega6\libgcc.a(_udivmodhi4.o)
 .text.libgcc.fmul
                0x00000000        0x0 c:/program files (x86)/atmel/studio/7.0/toolchain/avr8/avr8-gnu-toolchain/bin/../lib/gcc/avr/4.9.2/avrxmega6\libgcc.a(_udivmodhi4.o)
 .text.libgcc.fixed
                0x00000000        0x0 c:/program files (x86)/atmel/studio/7.0/toolchain/avr8/avr8-gnu-toolchain/bin/../lib/gcc/avr/4.9.2/avrxmega6\libgcc.a(_udivmodhi4.o)
 .text          0x00000000        0x0 c:/program files (x86)/atmel/studio/7.0/toolchain/avr8/avr8-gnu-toolchain/bin/../lib/gcc/avr/4.9.2/avrxmega6\libgcc.a(_divmodsi4.o)
 .data          0x00000000        0x0 c:/program files (x86)/atmel/studio/7.0/toolchain/avr8/avr8-gnu-toolchain/bin/../lib/gcc/avr/4.9.2/avrxmega6\libgcc.a(_divmodsi4.o)
 .bss           0x00000000        0x0 c:/program files (x86)/atmel/studio/7.0/toolchain/avr8/avr8-gnu-toolchain/bin/../lib/gcc/avr/4.9.2/avrxmega6\libgcc.a(_divmodsi4.o)
 .text.libgcc.mul
                0x00000000        0x0 c:/program files (x86)/atmel/studio/7.0/toolchain/avr8/avr8-gnu-toolchain/bin/../lib/gcc/avr/4.9.2/avrxmega6\libgcc.a(_divmodsi4.o)
 .text.libgcc   0x00000000        0x0 c:/program files (x86)/atmel/studio/7.0/toolchain/avr8/avr8-gnu-toolchain/bin/../lib/gcc/avr/4.9.2/avrxmega6\libgcc.a(_divmodsi4.o)
 .text.libgcc.prologue
                0x00000000        0x0 c:/program files (x86)/atmel/studio/7.0/toolchain/avr8/avr8-gnu-toolchain/bin/../lib/gcc/avr/4.9.2/avrxmega6\libgcc.a(_divmodsi4.o)
 .text.libgcc.builtins
                0x00000000        0x0 c:/program files (x86)/atmel/studio/7.0/toolchain/avr8/avr8-gnu-toolchain/bin/../lib/gcc/avr/4.9.2/avrxmega6\libgcc.a(_divmodsi4.o)
 .text.libgcc.fmul
                0x00000000        0x0 c:/program files (x86)/atmel/studio/7.0/toolchain/avr8/avr8-gnu-toolchain/bin/../lib/gcc/avr/4.9.2/avrxmega6\libgcc.a(_divmodsi4.o)
 .text.libgcc.fixed
                0x00000000        0x0 c:/program files (x86)/atmel/studio/7.0/toolchain/avr8/avr8-gnu-toolchain/bin/../lib/gcc/avr/4.9.2/avrxmega6\libgcc.a(_divmodsi4.o)
 .text          0x00000000        0x0 c:/program files (x86)/atmel/studio/7.0/toolchain/avr8/avr8-gnu-toolchain/bin/../lib/gcc/avr/4.9.2/avrxmega6\libgcc.a(_negsi2.o)
 .data          0x00000000        0x0 c:/program files (x86)/atmel/studio/7.0/toolchain/avr8/avr8-gnu-toolchain/bin/../lib/gcc/avr/4.9.2/avrxmega6\libgcc.a(_negsi2.o)
 .bss           0x00000000        0x0 c:/program files (x86)/atmel/studio/7.0/toolchain/avr8/avr8-gnu-toolchain/bin/../lib/gcc/avr/4.9.2/avrxmega6\libgcc.a(_negsi2.o)
 .text.libgcc.mul
                0x00000000        0x0 c:/program files (x86)/atmel/studio/7.0/toolchain/avr8/avr8-gnu-toolchain/bin/../lib/gcc/avr/4.9.2/avrxmega6\libgcc.a(_negsi2.o)
 .text.libgcc   0x00000000        0x0 c:/program files (x86)/atmel/studio/7.0/toolchain/avr8/avr8-gnu-toolchain/bin/../lib/gcc/avr/4.9.2/avrxmega6\libgcc.a(_negsi2.o)
 .text.libgcc.prologue
                0x00000000        0x0 c:/program files (x86)/atmel/studio/7.0/toolchain/avr8/avr8-gnu-toolchain/bin/../lib/gcc/avr/4.9.2/avrxmega6\libgcc.a(_negsi2.o)
 .text.libgcc.builtins
                0x00000000        0x0 c:/program files (x86)/atmel/studio/7.0/toolchain/avr8/avr8-gnu-toolchain/bin/../lib/gcc/avr/4.9.2/avrxmega6\libgcc.a(_negsi2.o)
 .text.libgcc.fmul
                0x00000000        0x0 c:/program files (x86)/atmel/studio/7.0/toolchain/avr8/avr8-gnu-toolchain/bin/../lib/gcc/avr/4.9.2/avrxmega6\libgcc.a(_negsi2.o)
 .text.libgcc.fixed
                0x00000000        0x0 c:/program files (x86)/atmel/studio/7.0/toolchain/avr8/avr8-gnu-toolchain/bin/../lib/gcc/avr/4.9.2/avrxmega6\libgcc.a(_negsi2.o)
 .text          0x00000000        0x0 c:/program files (x86)/atmel/studio/7.0/toolchain/avr8/avr8-gnu-toolchain/bin/../lib/gcc/avr/4.9.2/avrxmega6\libgcc.a(_exit.o)
 .data          0x00000000        0x0 c:/program files (x86)/atmel/studio/7.0/toolchain/avr8/avr8-gnu-toolchain/bin/../lib/gcc/avr/4.9.2/avrxmega6\libgcc.a(_exit.o)
 .bss           0x00000000        0x0 c:/program files (x86)/atmel/studio/7.0/toolchain/avr8/avr8-gnu-toolchain/bin/../lib/gcc/avr/4.9.2/avrxmega6\libgcc.a(_exit.o)
 .text.libgcc.mul
                0x00000000        0x0 c:/program files (x86)/atmel/studio/7.0/toolchain/avr8/avr8-gnu-toolchain/bin/../lib/gcc/avr/4.9.2/avrxmega6\libgcc.a(_exit.o)
 .text.libgcc.div
                0x00000000        0x0 c:/program files (x86)/atmel/studio/7.0/toolchain/avr8/avr8-gnu-toolchain/bin/../lib/gcc/avr/4.9.2/avrxmega6\libgcc.a(_exit.o)
 .text.libgcc   0x00000000        0x0 c:/program files (x86)/atmel/studio/7.0/toolchain/avr8/avr8-gnu-toolchain/bin/../lib/gcc/avr/4.9.2/avrxmega6\libgcc.a(_exit.o)
 .text.libgcc.prologue
                0x00000000        0x0 c:/program files (x86)/atmel/studio/7.0/toolchain/avr8/avr8-gnu-toolchain/bin/../lib/gcc/avr/4.9.2/avrxmega6\libgcc.a(_exit.o)
 .text.libgcc.builtins
                0x00000000        0x0 c:/program files (x86)/atmel/studio/7.0/toolchain/avr8/avr8-gnu-toolchain/bin/../lib/gcc/avr/4.9.2/avrxmega6\libgcc.a(_exit.o)
 .text.libgcc.fmul
                0x00000000        0x0 c:/program files (x86)/atmel/studio/7.0/toolchain/avr8/avr8-gnu-toolchain/bin/../lib/gcc/avr/4.9.2/avrxmega6\libgcc.a(_exit.o)
 .text.libgcc.fixed
                0x00000000        0x0 c:/program files (x86)/atmel/studio/7.0/toolchain/avr8/avr8-gnu-toolchain/bin/../lib/gcc/avr/4.9.2/avrxmega6\libgcc.a(_exit.o)
 .text          0x00000000        0x0 c:/program files (x86)/atmel/studio/7.0/toolchain/avr8/avr8-gnu-toolchain/bin/../lib/gcc/avr/4.9.2/avrxmega6\libgcc.a(_tablejump2.o)
 .data          0x00000000        0x0 c:/program files (x86)/atmel/studio/7.0/toolchain/avr8/avr8-gnu-toolchain/bin/../lib/gcc/avr/4.9.2/avrxmega6\libgcc.a(_tablejump2.o)
 .bss           0x00000000        0x0 c:/program files (x86)/atmel/studio/7.0/toolchain/avr8/avr8-gnu-toolchain/bin/../lib/gcc/avr/4.9.2/avrxmega6\libgcc.a(_tablejump2.o)
 .text.libgcc.mul
                0x00000000        0x0 c:/program files (x86)/atmel/studio/7.0/toolchain/avr8/avr8-gnu-toolchain/bin/../lib/gcc/avr/4.9.2/avrxmega6\libgcc.a(_tablejump2.o)
 .text.libgcc.div
                0x00000000        0x0 c:/program files (x86)/atmel/studio/7.0/toolchain/avr8/avr8-gnu-toolchain/bin/../lib/gcc/avr/4.9.2/avrxmega6\libgcc.a(_tablejump2.o)
 .text.libgcc.prologue
                0x00000000        0x0 c:/program files (x86)/atmel/studio/7.0/toolchain/avr8/avr8-gnu-toolchain/bin/../lib/gcc/avr/4.9.2/avrxmega6\libgcc.a(_tablejump2.o)
 .text.libgcc.builtins
                0x00000000        0x0 c:/program files (x86)/atmel/studio/7.0/toolchain/avr8/avr8-gnu-toolchain/bin/../lib/gcc/avr/4.9.2/avrxmega6\libgcc.a(_tablejump2.o)
 .text.libgcc.fmul
                0x00000000        0x0 c:/program files (x86)/atmel/studio/7.0/toolchain/avr8/avr8-gnu-toolchain/bin/../lib/gcc/avr/4.9.2/avrxmega6\libgcc.a(_tablejump2.o)
 .text.libgcc.fixed
                0x00000000        0x0 c:/program files (x86)/atmel/studio/7.0/toolchain/avr8/avr8-gnu-toolchain/bin/../lib/gcc/avr/4.9.2/avrxmega6\libgcc.a(_tablejump2.o)
 .text          0x00000000        0x0 c:/program files (x86)/atmel/studio/7.0/toolchain/avr8/avr8-gnu-toolchain/bin/../lib/gcc/avr/4.9.2/avrxmega6\libgcc.a(_copy_data.o)
 .data          0x00000000        0x0 c:/program files (x86)/atmel/studio/7.0/toolchain/avr8/avr8-gnu-toolchain/bin/../lib/gcc/avr/4.9.2/avrxmega6\libgcc.a(_copy_data.o)
 .bss           0x00000000        0x0 c:/program files (x86)/atmel/studio/7.0/toolchain/avr8/avr8-gnu-toolchain/bin/../lib/gcc/avr/4.9.2/avrxmega6\libgcc.a(_copy_data.o)
 .text.libgcc.mul
                0x00000000        0x0 c:/program files (x86)/atmel/studio/7.0/toolchain/avr8/avr8-gnu-toolchain/bin/../lib/gcc/avr/4.9.2/avrxmega6\libgcc.a(_copy_data.o)
 .text.libgcc.div
                0x00000000        0x0 c:/program files (x86)/atmel/studio/7.0/toolchain/avr8/avr8-gnu-toolchain/bin/../lib/gcc/avr/4.9.2/avrxmega6\libgcc.a(_copy_data.o)
 .text.libgcc   0x00000000        0x0 c:/program files (x86)/atmel/studio/7.0/toolchain/avr8/avr8-gnu-toolchain/bin/../lib/gcc/avr/4.9.2/avrxmega6\libgcc.a(_copy_data.o)
 .text.libgcc.prologue
                0x00000000        0x0 c:/program files (x86)/atmel/studio/7.0/toolchain/avr8/avr8-gnu-toolchain/bin/../lib/gcc/avr/4.9.2/avrxmega6\libgcc.a(_copy_data.o)
 .text.libgcc.builtins
                0x00000000        0x0 c:/program files (x86)/atmel/studio/7.0/toolchain/avr8/avr8-gnu-toolchain/bin/../lib/gcc/avr/4.9.2/avrxmega6\libgcc.a(_copy_data.o)
 .text.libgcc.fmul
                0x00000000        0x0 c:/program files (x86)/atmel/studio/7.0/toolchain/avr8/avr8-gnu-toolchain/bin/../lib/gcc/avr/4.9.2/avrxmega6\libgcc.a(_copy_data.o)
 .text.libgcc.fixed
                0x00000000        0x0 c:/program files (x86)/atmel/studio/7.0/toolchain/avr8/avr8-gnu-toolchain/bin/../lib/gcc/avr/4.9.2/avrxmega6\libgcc.a(_copy_data.o)
 .text          0x00000000        0x0 c:/program files (x86)/atmel/studio/7.0/toolchain/avr8/avr8-gnu-toolchain/bin/../lib/gcc/avr/4.9.2/avrxmega6\libgcc.a(_clear_bss.o)
 .data          0x00000000        0x0 c:/program files (x86)/atmel/studio/7.0/toolchain/avr8/avr8-gnu-toolchain/bin/../lib/gcc/avr/4.9.2/avrxmega6\libgcc.a(_clear_bss.o)
 .bss           0x00000000        0x0 c:/program files (x86)/atmel/studio/7.0/toolchain/avr8/avr8-gnu-toolchain/bin/../lib/gcc/avr/4.9.2/avrxmega6\libgcc.a(_clear_bss.o)
 .text.libgcc.mul
                0x00000000        0x0 c:/program files (x86)/atmel/studio/7.0/toolchain/avr8/avr8-gnu-toolchain/bin/../lib/gcc/avr/4.9.2/avrxmega6\libgcc.a(_clear_bss.o)
 .text.libgcc.div
                0x00000000        0x0 c:/program files (x86)/atmel/studio/7.0/toolchain/avr8/avr8-gnu-toolchain/bin/../lib/gcc/avr/4.9.2/avrxmega6\libgcc.a(_clear_bss.o)
 .text.libgcc   0x00000000        0x0 c:/program files (x86)/atmel/studio/7.0/toolchain/avr8/avr8-gnu-toolchain/bin/../lib/gcc/avr/4.9.2/avrxmega6\libgcc.a(_clear_bss.o)
 .text.libgcc.prologue
                0x00000000        0x0 c:/program files (x86)/atmel/studio/7.0/toolchain/avr8/avr8-gnu-toolchain/bin/../lib/gcc/avr/4.9.2/avrxmega6\libgcc.a(_clear_bss.o)
 .text.libgcc.builtins
                0x00000000        0x0 c:/program files (x86)/atmel/studio/7.0/toolchain/avr8/avr8-gnu-toolchain/bin/../lib/gcc/avr/4.9.2/avrxmega6\libgcc.a(_clear_bss.o)
 .text.libgcc.fmul
                0x00000000        0x0 c:/program files (x86)/atmel/studio/7.0/toolchain/avr8/avr8-gnu-toolchain/bin/../lib/gcc/avr/4.9.2/avrxmega6\libgcc.a(_clear_bss.o)
 .text.libgcc.fixed
                0x00000000        0x0 c:/program files (x86)/atmel/studio/7.0/toolchain/avr8/avr8-gnu-toolchain/bin/../lib/gcc/avr/4.9.2/avrxmega6\libgcc.a(_clear_bss.o)
 .text          0x00000000        0x0 c:/program files (x86)/atmel/studio/7.0/toolchain/avr8/avr8-gnu-toolchain/bin/../lib/gcc/avr/4.9.2/avrxmega6\libgcc.a(_ctors.o)
 .data          0x00000000        0x0 c:/program files (x86)/atmel/studio/7.0/toolchain/avr8/avr8-gnu-toolchain/bin/../lib/gcc/avr/4.9.2/avrxmega6\libgcc.a(_ctors.o)
 .bss           0x00000000        0x0 c:/program files (x86)/atmel/studio/7.0/toolchain/avr8/avr8-gnu-toolchain/bin/../lib/gcc/avr/4.9.2/avrxmega6\libgcc.a(_ctors.o)
 .text.libgcc.mul
                0x00000000        0x0 c:/program files (x86)/atmel/studio/7.0/toolchain/avr8/avr8-gnu-toolchain/bin/../lib/gcc/avr/4.9.2/avrxmega6\libgcc.a(_ctors.o)
 .text.libgcc.div
                0x00000000        0x0 c:/program files (x86)/atmel/studio/7.0/toolchain/avr8/avr8-gnu-toolchain/bin/../lib/gcc/avr/4.9.2/avrxmega6\libgcc.a(_ctors.o)
 .text.libgcc   0x00000000        0x0 c:/program files (x86)/atmel/studio/7.0/toolchain/avr8/avr8-gnu-toolchain/bin/../lib/gcc/avr/4.9.2/avrxmega6\libgcc.a(_ctors.o)
 .text.libgcc.prologue
                0x00000000        0x0 c:/program files (x86)/atmel/studio/7.0/toolchain/avr8/avr8-gnu-toolchain/bin/../lib/gcc/avr/4.9.2/avrxmega6\libgcc.a(_ctors.o)
 .text.libgcc.builtins
                0x00000000        0x0 c:/program files (x86)/atmel/studio/7.0/toolchain/avr8/avr8-gnu-toolchain/bin/../lib/gcc/avr/4.9.2/avrxmega6\libgcc.a(_ctors.o)
 .text.libgcc.fmul
                0x00000000        0x0 c:/program files (x86)/atmel/studio/7.0/toolchain/avr8/avr8-gnu-toolchain/bin/../lib/gcc/avr/4.9.2/avrxmega6\libgcc.a(_ctors.o)
 .text.libgcc.fixed
                0x00000000        0x0 c:/program files (x86)/atmel/studio/7.0/toolchain/avr8/avr8-gnu-toolchain/bin/../lib/gcc/avr/4.9.2/avrxmega6\libgcc.a(_ctors.o)
 .text          0x00000000        0x0 c:/program files (x86)/atmel/studio/7.0/toolchain/avr8/avr8-gnu-toolchain/bin/../lib/gcc/avr/4.9.2/avrxmega6\libgcc.a(_dtors.o)
 .data          0x00000000        0x0 c:/program files (x86)/atmel/studio/7.0/toolchain/avr8/avr8-gnu-toolchain/bin/../lib/gcc/avr/4.9.2/avrxmega6\libgcc.a(_dtors.o)
 .bss           0x00000000        0x0 c:/program files (x86)/atmel/studio/7.0/toolchain/avr8/avr8-gnu-toolchain/bin/../lib/gcc/avr/4.9.2/avrxmega6\libgcc.a(_dtors.o)
 .text.libgcc.mul
                0x00000000        0x0 c:/program files (x86)/atmel/studio/7.0/toolchain/avr8/avr8-gnu-toolchain/bin/../lib/gcc/avr/4.9.2/avrxmega6\libgcc.a(_dtors.o)
 .text.libgcc.div
                0x00000000        0x0 c:/program files (x86)/atmel/studio/7.0/toolchain/avr8/avr8-gnu-toolchain/bin/../lib/gcc/avr/4.9.2/avrxmega6\libgcc.a(_dtors.o)
 .text.libgcc   0x00000000        0x0 c:/program files (x86)/atmel/studio/7.0/toolchain/avr8/avr8-gnu-toolchain/bin/../lib/gcc/avr/4.9.2/avrxmega6\libgcc.a(_dtors.o)
 .text.libgcc.prologue
                0x00000000        0x0 c:/program files (x86)/atmel/studio/7.0/toolchain/avr8/avr8-gnu-toolchain/bin/../lib/gcc/avr/4.9.2/avrxmega6\libgcc.a(_dtors.o)
 .text.libgcc.builtins
                0x00000000        0x0 c:/program files (x86)/atmel/studio/7.0/toolchain/avr8/avr8-gnu-toolchain/bin/../lib/gcc/avr/4.9.2/avrxmega6\libgcc.a(_dtors.o)
 .text.libgcc.fmul
                0x00000000        0x0 c:/program files (x86)/atmel/studio/7.0/toolchain/avr8/avr8-gnu-toolchain/bin/../lib/gcc/avr/4.9.2/avrxmega6\libgcc.a(_dtors.o)
 .text.libgcc.fixed
                0x00000000        0x0 c:/program files (x86)/atmel/studio/7.0/toolchain/avr8/avr8-gnu-toolchain/bin/../lib/gcc/avr/4.9.2/avrxmega6\libgcc.a(_dtors.o)
 .text          0x00000000        0x0 c:/program files (x86)/atmel/studio/7.0/toolchain/avr8/avr8-gnu-toolchain/bin/../lib/gcc/avr/4.9.2/avrxmega6\libgcc.a(_udivmodsi4.o)
 .data          0x00000000        0x0 c:/program files (x86)/atmel/studio/7.0/toolchain/avr8/avr8-gnu-toolchain/bin/../lib/gcc/avr/4.9.2/avrxmega6\libgcc.a(_udivmodsi4.o)
 .bss           0x00000000        0x0 c:/program files (x86)/atmel/studio/7.0/toolchain/avr8/avr8-gnu-toolchain/bin/../lib/gcc/avr/4.9.2/avrxmega6\libgcc.a(_udivmodsi4.o)
 .text.libgcc.mul
                0x00000000        0x0 c:/program files (x86)/atmel/studio/7.0/toolchain/avr8/avr8-gnu-toolchain/bin/../lib/gcc/avr/4.9.2/avrxmega6\libgcc.a(_udivmodsi4.o)
 .text.libgcc   0x00000000        0x0 c:/program files (x86)/atmel/studio/7.0/toolchain/avr8/avr8-gnu-toolchain/bin/../lib/gcc/avr/4.9.2/avrxmega6\libgcc.a(_udivmodsi4.o)
 .text.libgcc.prologue
                0x00000000        0x0 c:/program files (x86)/atmel/studio/7.0/toolchain/avr8/avr8-gnu-toolchain/bin/../lib/gcc/avr/4.9.2/avrxmega6\libgcc.a(_udivmodsi4.o)
 .text.libgcc.builtins
                0x00000000        0x0 c:/program files (x86)/atmel/studio/7.0/toolchain/avr8/avr8-gnu-toolchain/bin/../lib/gcc/avr/4.9.2/avrxmega6\libgcc.a(_udivmodsi4.o)
 .text.libgcc.fmul
                0x00000000        0x0 c:/program files (x86)/atmel/studio/7.0/toolchain/avr8/avr8-gnu-toolchain/bin/../lib/gcc/avr/4.9.2/avrxmega6\libgcc.a(_udivmodsi4.o)
 .text.libgcc.fixed
                0x00000000        0x0 c:/program files (x86)/atmel/studio/7.0/toolchain/avr8/avr8-gnu-toolchain/bin/../lib/gcc/avr/4.9.2/avrxmega6\libgcc.a(_udivmodsi4.o)
 .text          0x00000000        0x0 c:/program files (x86)/atmel/studio/7.0/toolchain/avr8/avr8-gnu-toolchain/bin/../lib/gcc/avr/4.9.2/../../../../avr/lib/avrxmega6\libc.a(memcpy.o)
 .data          0x00000000        0x0 c:/program files (x86)/atmel/studio/7.0/toolchain/avr8/avr8-gnu-toolchain/bin/../lib/gcc/avr/4.9.2/../../../../avr/lib/avrxmega6\libc.a(memcpy.o)
 .bss           0x00000000        0x0 c:/program files (x86)/atmel/studio/7.0/toolchain/avr8/avr8-gnu-toolchain/bin/../lib/gcc/avr/4.9.2/../../../../avr/lib/avrxmega6\libc.a(memcpy.o)
 .text          0x00000000        0x0 c:/program files (x86)/atmel/studio/7.0/toolchain/avr8/avr8-gnu-toolchain/bin/../lib/gcc/avr/4.9.2/../../../../avr/lib/avrxmega6\libc.a(strcpy.o)
 .data          0x00000000        0x0 c:/program files (x86)/atmel/studio/7.0/toolchain/avr8/avr8-gnu-toolchain/bin/../lib/gcc/avr/4.9.2/../../../../avr/lib/avrxmega6\libc.a(strcpy.o)
 .bss           0x00000000        0x0 c:/program files (x86)/atmel/studio/7.0/toolchain/avr8/avr8-gnu-toolchain/bin/../lib/gcc/avr/4.9.2/../../../../avr/lib/avrxmega6\libc.a(strcpy.o)

Memory Configuration

Name             Origin             Length             Attributes
text             0x00000000         0x00100000         xr
data             0x00802000         0x0000ffa0         rw !x
eeprom           0x00810000         0x00010000         rw !x
fuse             0x00820000         0x00000400         rw !x
lock             0x00830000         0x00000400         rw !x
signature        0x00840000         0x00000400         rw !x
user_signatures  0x00850000         0x00000400         rw !x
*default*        0x00000000         0xffffffff

Linker script and memory map

LOAD C:/Program Files (x86)/Atmel/Studio/7.0/Packs/atmel/XMEGAB_DFP/1.0.31/gcc/dev/atxmega128b1/avrxmega6/crtatxmega128b1.o
LOAD src/ASF/common/boards/user_board/init.o
LOAD src/ASF/common/services/clock/xmega/sysclk.o
LOAD src/ASF/common/services/sleepmgr/xmega/sleepmgr.o
LOAD src/ASF/common/services/usb/class/cdc/device/udi_cdc.o
LOAD src/ASF/common/services/usb/class/cdc/device/udi_cdc_desc.o
LOAD src/ASF/common/services/usb/udc/udc.o
LOAD src/ASF/xmega/components/display/c42048a/c42048a_full_matrix0/c42048a.o
LOAD src/ASF/xmega/drivers/cpu/ccp.o
LOAD src/ASF/xmega/drivers/lcd/lcd.o
LOAD src/ASF/xmega/drivers/nvm/nvm.o
LOAD src/ASF/xmega/drivers/nvm/nvm_asm.o
LOAD src/ASF/xmega/drivers/usb/usb_device.o
LOAD src/deviceio.o
LOAD src/serial.o
LOAD src/ui.o
LOAD src/led.o
LOAD src/miniproject.o
LOAD src/potentiometer.o
START GROUP
LOAD c:/program files (x86)/atmel/studio/7.0/toolchain/avr8/avr8-gnu-toolchain/bin/../lib/gcc/avr/4.9.2/../../../../avr/lib/avrxmega6\libm.a
END GROUP
LOAD c:/program files (x86)/atmel/studio/7.0/toolchain/avr8/avr8-gnu-toolchain/bin/../lib/gcc/avr/4.9.2/avrxmega6\libgcc.a
LOAD c:/program files (x86)/atmel/studio/7.0/toolchain/avr8/avr8-gnu-toolchain/bin/../lib/gcc/avr/4.9.2/../../../../avr/lib/avrxmega6\libm.a
START GROUP
LOAD c:/program files (x86)/atmel/studio/7.0/toolchain/avr8/avr8-gnu-toolchain/bin/../lib/gcc/avr/4.9.2/avrxmega6\libgcc.a
LOAD c:/program files (x86)/atmel/studio/7.0/toolchain/avr8/avr8-gnu-toolchain/bin/../lib/gcc/avr/4.9.2/../../../../avr/lib/avrxmega6\libm.a
LOAD c:/program files (x86)/atmel/studio/7.0/toolchain/avr8/avr8-gnu-toolchain/bin/../lib/gcc/avr/4.9.2/../../../../avr/lib/avrxmega6\libc.a
LOAD C:/Program Files (x86)/Atmel/Studio/7.0/Packs/atmel/XMEGAB_DFP/1.0.31/gcc/dev/atxmega128b1/avrxmega6\libatxmega128b1.a
END GROUP
                0x00100000                __TEXT_REGION_LENGTH__ = DEFINED (__TEXT_REGION_LENGTH__)?__TEXT_REGION_LENGTH__:0x100000
                0x0000ffa0                __DATA_REGION_LENGTH__ = DEFINED (__DATA_REGION_LENGTH__)?__DATA_REGION_LENGTH__:0xffa0
                0x00010000                __EEPROM_REGION_LENGTH__ = DEFINED (__EEPROM_REGION_LENGTH__)?__EEPROM_REGION_LENGTH__:0x10000
                0x00000400                __FUSE_REGION_LENGTH__ = DEFINED (__FUSE_REGION_LENGTH__)?__FUSE_REGION_LENGTH__:0x400
                0x00000400                __LOCK_REGION_LENGTH__ = DEFINED (__LOCK_REGION_LENGTH__)?__LOCK_REGION_LENGTH__:0x400
                0x00000400                __SIGNATURE_REGION_LENGTH__ = DEFINED (__SIGNATURE_REGION_LENGTH__)?__SIGNATURE_REGION_LENGTH__:0x400
                0x00000400                __USER_SIGNATURE_REGION_LENGTH__ = DEFINED (__USER_SIGNATURE_REGION_LENGTH__)?__USER_SIGNATURE_REGION_LENGTH__:0x400

.hash
 *(.hash)

.dynsym
 *(.dynsym)

.dynstr
 *(.dynstr)

.gnu.version
 *(.gnu.version)

.gnu.version_d
 *(.gnu.version_d)

.gnu.version_r
 *(.gnu.version_r)

.rel.init
 *(.rel.init)

.rela.init
 *(.rela.init)

.rel.text
 *(.rel.text)
 *(.rel.text.*)
 *(.rel.gnu.linkonce.t*)

.rela.text
 *(.rela.text)
 *(.rela.text.*)
 *(.rela.gnu.linkonce.t*)

.rel.fini
 *(.rel.fini)

.rela.fini
 *(.rela.fini)

.rel.rodata
 *(.rel.rodata)
 *(.rel.rodata.*)
 *(.rel.gnu.linkonce.r*)

.rela.rodata
 *(.rela.rodata)
 *(.rela.rodata.*)
 *(.rela.gnu.linkonce.r*)

.rel.data
 *(.rel.data)
 *(.rel.data.*)
 *(.rel.gnu.linkonce.d*)

.rela.data
 *(.rela.data)
 *(.rela.data.*)
 *(.rela.gnu.linkonce.d*)

.rel.ctors
 *(.rel.ctors)

.rela.ctors
 *(.rela.ctors)

.rel.dtors
 *(.rel.dtors)

.rela.dtors
 *(.rela.dtors)

.rel.got
 *(.rel.got)

.rela.got
 *(.rela.got)

.rel.bss
 *(.rel.bss)

.rela.bss
 *(.rela.bss)

.rel.plt
 *(.rel.plt)

.rela.plt
 *(.rela.plt)

.text           0x00000000     0x283c
 *(.vectors)
 .vectors       0x00000000      0x144 C:/Program Files (x86)/Atmel/Studio/7.0/Packs/atmel/XMEGAB_DFP/1.0.31/gcc/dev/atxmega128b1/avrxmega6/crtatxmega128b1.o
                0x00000000                __vector_default
                0x00000000                __vectors
 *(.vectors)
 *(.progmem.gcc*)
 .progmem.gcc_sw_table._ZN9CDeviceIO11device_initEh13PORT_ISC_enum13PORT_OPC_enum
                0x00000144       0x10 src/deviceio.o
                0x00000154                . = ALIGN (0x2)
                0x00000154                __trampolines_start = .
 *(.trampolines)
 .trampolines   0x00000154       0x58 linker stubs
 *(.trampolines*)
                0x000001ac                __trampolines_end = .
 *libprintf_flt.a:*(.progmem.data)
 *libc.a:*(.progmem.data)
 *(.progmem*)
                0x000001ac                . = ALIGN (0x2)
 *(.jumptables)
 *(.jumptables*)
 *(.lowtext)
 *(.lowtext*)
                0x000001ac                __ctors_start = .
 *(.ctors)
 .ctors         0x000001ac        0x2 src/miniproject.o
                0x000001ae                __ctors_end = .
                0x000001ae                __dtors_start = .
 *(.dtors)
 .dtors         0x000001ae        0x2 src/miniproject.o
                0x000001b0                __dtors_end = .
 SORT(*)(.ctors)
 SORT(*)(.dtors)
 *(.init0)
 .init0         0x000001b0        0x0 C:/Program Files (x86)/Atmel/Studio/7.0/Packs/atmel/XMEGAB_DFP/1.0.31/gcc/dev/atxmega128b1/avrxmega6/crtatxmega128b1.o
                0x000001b0                __init
 *(.init0)
 *(.init1)
 *(.init1)
 *(.init2)
 .init2         0x000001b0       0x10 C:/Program Files (x86)/Atmel/Studio/7.0/Packs/atmel/XMEGAB_DFP/1.0.31/gcc/dev/atxmega128b1/avrxmega6/crtatxmega128b1.o
 *(.init2)
 *(.init3)
 *(.init3)
 *(.init4)
 .init4         0x000001c0       0x1a c:/program files (x86)/atmel/studio/7.0/toolchain/avr8/avr8-gnu-toolchain/bin/../lib/gcc/avr/4.9.2/avrxmega6\libgcc.a(_copy_data.o)
                0x000001c0                __do_copy_data
 .init4         0x000001da       0x10 c:/program files (x86)/atmel/studio/7.0/toolchain/avr8/avr8-gnu-toolchain/bin/../lib/gcc/avr/4.9.2/avrxmega6\libgcc.a(_clear_bss.o)
                0x000001da                __do_clear_bss
 *(.init4)
 *(.init5)
 *(.init5)
 *(.init6)
 .init6         0x000001ea       0x20 c:/program files (x86)/atmel/studio/7.0/toolchain/avr8/avr8-gnu-toolchain/bin/../lib/gcc/avr/4.9.2/avrxmega6\libgcc.a(_ctors.o)
                0x000001ea                __do_global_ctors
 *(.init6)
 *(.init7)
 *(.init7)
 *(.init8)
 *(.init8)
 *(.init9)
 .init9         0x0000020a        0x8 C:/Program Files (x86)/Atmel/Studio/7.0/Packs/atmel/XMEGAB_DFP/1.0.31/gcc/dev/atxmega128b1/avrxmega6/crtatxmega128b1.o
 *(.init9)
 *(.text)
 .text          0x00000212        0x4 C:/Program Files (x86)/Atmel/Studio/7.0/Packs/atmel/XMEGAB_DFP/1.0.31/gcc/dev/atxmega128b1/avrxmega6/crtatxmega128b1.o
                0x00000212                __vector_38
                0x00000212                __vector_63
                0x00000212                __vector_28
                0x00000212                __vector_67
                0x00000212                __vector_1
                0x00000212                __vector_71
                0x00000212                __vector_34
                0x00000212                __vector_62
                0x00000212                __vector_77
                0x00000212                __vector_24
                0x00000212                __vector_12
                0x00000212                __vector_55
                0x00000212                __vector_69
                0x00000212                __vector_46
                0x00000212                __bad_interrupt
                0x00000212                __vector_72
                0x00000212                __vector_6
                0x00000212                __vector_78
                0x00000212                __vector_74
                0x00000212                __vector_39
                0x00000212                __vector_3
                0x00000212                __vector_23
                0x00000212                __vector_68
                0x00000212                __vector_30
                0x00000212                __vector_73
                0x00000212                __vector_45
                0x00000212                __vector_25
                0x00000212                __vector_61
                0x00000212                __vector_11
                0x00000212                __vector_54
                0x00000212                __vector_13
                0x00000212                __vector_17
                0x00000212                __vector_19
                0x00000212                __vector_56
                0x00000212                __vector_7
                0x00000212                __vector_49
                0x00000212                __vector_41
                0x00000212                __vector_64
                0x00000212                __vector_43
                0x00000212                __vector_27
                0x00000212                __vector_5
                0x00000212                __vector_33
                0x00000212                __vector_76
                0x00000212                __vector_47
                0x00000212                __vector_52
                0x00000212                __vector_37
                0x00000212                __vector_4
                0x00000212                __vector_51
                0x00000212                __vector_9
                0x00000212                __vector_2
                0x00000212                __vector_21
                0x00000212                __vector_15
                0x00000212                __vector_66
                0x00000212                __vector_36
                0x00000212                __vector_79
                0x00000212                __vector_58
                0x00000212                __vector_70
                0x00000212                __vector_29
                0x00000212                __vector_60
                0x00000212                __vector_40
                0x00000212                __vector_8
                0x00000212                __vector_26
                0x00000212                __vector_48
                0x00000212                __vector_80
                0x00000212                __vector_57
                0x00000212                __vector_53
                0x00000212                __vector_10
                0x00000212                __vector_50
                0x00000212                __vector_59
                0x00000212                __vector_18
                0x00000212                __vector_42
                0x00000212                __vector_65
                0x00000216                . = ALIGN (0x2)
 *(.text.*)
 .text.cpu_irq_save
                0x00000216       0x1a src/ASF/common/services/clock/xmega/sysclk.o
 .text.osc_enable_autocalibration.constprop.4
                0x00000230       0x38 src/ASF/common/services/clock/xmega/sysclk.o
 .text.sysclk_init
                0x00000268       0xb6 src/ASF/common/services/clock/xmega/sysclk.o
                0x00000268                sysclk_init
 .text.sysclk_enable_module
                0x0000031e       0x32 src/ASF/common/services/clock/xmega/sysclk.o
                0x0000031e                sysclk_enable_module
 .text.sysclk_enable_usb
                0x00000350       0x46 src/ASF/common/services/clock/xmega/sysclk.o
                0x00000350                sysclk_enable_usb
 .text.cpu_irq_save
                0x00000396       0x1a src/ASF/common/services/usb/class/cdc/device/udi_cdc.o
 .text.udi_cdc_comm_disable
                0x000003b0        0xc src/ASF/common/services/usb/class/cdc/device/udi_cdc.o
                0x000003b0                udi_cdc_comm_disable
 .text.udi_cdc_data_setup
                0x000003bc        0x4 src/ASF/common/services/usb/class/cdc/device/udi_cdc.o
                0x000003bc                udi_cdc_data_setup
 .text.udi_cdc_getsetting
                0x000003c0        0x4 src/ASF/common/services/usb/class/cdc/device/udi_cdc.o
                0x000003c0                udi_cdc_getsetting
 .text.udi_cdc_line_coding_received
                0x000003c4        0x2 src/ASF/common/services/usb/class/cdc/device/udi_cdc.o
 .text.udi_cdc_data_disable
                0x000003c6       0x18 src/ASF/common/services/usb/class/cdc/device/udi_cdc.o
                0x000003c6                udi_cdc_data_disable
 .text.udi_cdc_comm_setup
                0x000003de       0x70 src/ASF/common/services/usb/class/cdc/device/udi_cdc.o
                0x000003de                udi_cdc_comm_setup
 .text.udi_cdc_comm_enable
                0x0000044e       0x76 src/ASF/common/services/usb/class/cdc/device/udi_cdc.o
                0x0000044e                udi_cdc_comm_enable
 .text.udi_cdc_tx_send.isra.2
                0x000004c4      0x138 src/ASF/common/services/usb/class/cdc/device/udi_cdc.o
 .text.udi_cdc_data_sof_notify
                0x000005fc        0x4 src/ASF/common/services/usb/class/cdc/device/udi_cdc.o
                0x000005fc                udi_cdc_data_sof_notify
 .text.udi_cdc_data_sent
                0x00000600       0x30 src/ASF/common/services/usb/class/cdc/device/udi_cdc.o
 .text.udi_cdc_multi_get_nb_received_data
                0x00000630       0x28 src/ASF/common/services/usb/class/cdc/device/udi_cdc.o
                0x00000630                udi_cdc_multi_get_nb_received_data
 .text.udi_cdc_multi_is_rx_ready
                0x00000658       0x10 src/ASF/common/services/usb/class/cdc/device/udi_cdc.o
                0x00000658                udi_cdc_multi_is_rx_ready
 .text.udi_cdc_rx_start.isra.8
                0x00000668       0x88 src/ASF/common/services/usb/class/cdc/device/udi_cdc.o
 .text.udi_cdc_data_enable
                0x000006f0       0x6c src/ASF/common/services/usb/class/cdc/device/udi_cdc.o
                0x000006f0                udi_cdc_data_enable
 .text.udi_cdc_data_received
                0x0000075c       0x5c src/ASF/common/services/usb/class/cdc/device/udi_cdc.o
 .text.udi_cdc_multi_get_free_tx_buffer
                0x000007b8       0x4c src/ASF/common/services/usb/class/cdc/device/udi_cdc.o
                0x000007b8                udi_cdc_multi_get_free_tx_buffer
 .text.udi_cdc_multi_is_tx_ready
                0x00000804       0x10 src/ASF/common/services/usb/class/cdc/device/udi_cdc.o
                0x00000804                udi_cdc_multi_is_tx_ready
 .text.udi_cdc_is_tx_ready
                0x00000814        0x6 src/ASF/common/services/usb/class/cdc/device/udi_cdc.o
                0x00000814                udi_cdc_is_tx_ready
 .text.udi_cdc_multi_putc
                0x0000081a       0x82 src/ASF/common/services/usb/class/cdc/device/udi_cdc.o
                0x0000081a                udi_cdc_multi_putc
 .text.udi_cdc_putc
                0x0000089c        0x8 src/ASF/common/services/usb/class/cdc/device/udi_cdc.o
                0x0000089c                udi_cdc_putc
 .text.udc_valid_address
                0x000008a4        0xa src/ASF/common/services/usb/udc/udc.o
 .text.udc_update_iface_desc
                0x000008ae       0x66 src/ASF/common/services/usb/udc/udc.o
 .text.udc_next_desc_in_iface.constprop.3
                0x00000914       0x40 src/ASF/common/services/usb/udc/udc.o
 .text.udc_iface_enable
                0x00000954       0x6c src/ASF/common/services/usb/udc/udc.o
 .text.udc_iface_disable
                0x000009c0       0x86 src/ASF/common/services/usb/udc/udc.o
 .text.udc_start
                0x00000a46        0x4 src/ASF/common/services/usb/udc/udc.o
                0x00000a46                udc_start
 .text.udc_reset
                0x00000a4a       0x3e src/ASF/common/services/usb/udc/udc.o
                0x00000a4a                udc_reset
 .text.udc_sof_notify
                0x00000a88       0x4a src/ASF/common/services/usb/udc/udc.o
                0x00000a88                udc_sof_notify
 .text.udc_process_setup
                0x00000ad2      0x4ec src/ASF/common/services/usb/udc/udc.o
                0x00000ad2                udc_process_setup
 .text.c42048a_init
                0x00000fbe       0x88 src/ASF/xmega/components/display/c42048a/c42048a_full_matrix0/c42048a.o
                0x00000fbe                c42048a_init
 .text.ccp_write_io
                0x00001046        0xc src/ASF/xmega/drivers/cpu/ccp.o
                0x00001046                ccp_write_io
 .text.__vector_35
                0x00001052       0x5a src/ASF/xmega/drivers/lcd/lcd.o
                0x00001052                __vector_35
 .text.lcd_write_packet
                0x000010ac       0x2c src/ASF/xmega/drivers/lcd/lcd.o
                0x000010ac                lcd_write_packet
 .text.nvm_read_byte
                0x000010d8       0x14 src/ASF/xmega/drivers/nvm/nvm_asm.o
                0x000010d8                nvm_read_byte
 .text.cpu_irq_save
                0x000010ec       0x1a src/ASF/xmega/drivers/usb/usb_device.o
 .text.sleepmgr_lock_mode
                0x00001106       0x26 src/ASF/xmega/drivers/usb/usb_device.o
 .text.sleepmgr_unlock_mode
                0x0000112c       0x26 src/ASF/xmega/drivers/usb/usb_device.o
 .text.udd_sleep_mode
                0x00001152       0x2a src/ASF/xmega/drivers/usb/usb_device.o
 .text.udd_ep_get_ctrl
                0x0000117c       0x2e src/ASF/xmega/drivers/usb/usb_device.o
 .text.udd_ctrl_init
                0x000011aa       0x4e src/ASF/xmega/drivers/usb/usb_device.o
 .text.udd_ctrl_stall_data
                0x000011f8       0x1c src/ASF/xmega/drivers/usb/usb_device.o
 .text.udd_ctrl_send_zlp_in
                0x00001214       0x1c src/ASF/xmega/drivers/usb/usb_device.o
 .text.udd_ctrl_endofrequest
                0x00001230       0x10 src/ASF/xmega/drivers/usb/usb_device.o
 .text.udd_ep_get_job
                0x00001240       0x34 src/ASF/xmega/drivers/usb/usb_device.o
 .text.udd_ep_trans_complet
                0x00001274      0x200 src/ASF/xmega/drivers/usb/usb_device.o
 .text.udd_ctrl_in_sent
                0x00001474       0xe0 src/ASF/xmega/drivers/usb/usb_device.o
 .text.udd_ctrl_interrupt_tc_setup
                0x00001554       0xfa src/ASF/xmega/drivers/usb/usb_device.o
 .text.udd_attach
                0x0000164e       0x4a src/ASF/xmega/drivers/usb/usb_device.o
                0x0000164e                udd_attach
 .text.udd_enable
                0x00001698       0xe2 src/ASF/xmega/drivers/usb/usb_device.o
                0x00001698                udd_enable
 .text.udd_is_high_speed
                0x0000177a        0x4 src/ASF/xmega/drivers/usb/usb_device.o
                0x0000177a                udd_is_high_speed
 .text.udd_set_address
                0x0000177e        0x6 src/ASF/xmega/drivers/usb/usb_device.o
                0x0000177e                udd_set_address
 .text.udd_getaddress
                0x00001784        0x6 src/ASF/xmega/drivers/usb/usb_device.o
                0x00001784                udd_getaddress
 .text.udd_get_frame_number
                0x0000178a        0xa src/ASF/xmega/drivers/usb/usb_device.o
                0x0000178a                udd_get_frame_number
 .text.udd_get_micro_frame_number
                0x00001794        0x6 src/ASF/xmega/drivers/usb/usb_device.o
                0x00001794                udd_get_micro_frame_number
 .text.udd_set_setup_payload
                0x0000179a        0xe src/ASF/xmega/drivers/usb/usb_device.o
                0x0000179a                udd_set_setup_payload
 .text.udd_ep_alloc
                0x000017a8       0xb6 src/ASF/xmega/drivers/usb/usb_device.o
                0x000017a8                udd_ep_alloc
 .text.udd_ep_is_halted
                0x0000185e       0x10 src/ASF/xmega/drivers/usb/usb_device.o
                0x0000185e                udd_ep_is_halted
 .text.udd_ep_clear_halt
                0x0000186e       0x3e src/ASF/xmega/drivers/usb/usb_device.o
                0x0000186e                udd_ep_clear_halt
 .text.udd_ep_run
                0x000018ac      0x104 src/ASF/xmega/drivers/usb/usb_device.o
                0x000018ac                udd_ep_run
 .text.udd_ep_abort
                0x000019b0       0x64 src/ASF/xmega/drivers/usb/usb_device.o
                0x000019b0                udd_ep_abort
 .text.udd_ep_free
                0x00001a14       0x16 src/ASF/xmega/drivers/usb/usb_device.o
                0x00001a14                udd_ep_free
 .text.udd_ep_set_halt
                0x00001a2a       0x1c src/ASF/xmega/drivers/usb/usb_device.o
                0x00001a2a                udd_ep_set_halt
 .text.__vector_31
                0x00001a46      0x16c src/ASF/xmega/drivers/usb/usb_device.o
                0x00001a46                __vector_31
 .text.__vector_32
                0x00001bb2      0x1be src/ASF/xmega/drivers/usb/usb_device.o
                0x00001bb2                __vector_32
 .text._ZN9CDeviceIOC2Ev
                0x00001d70        0x2 src/deviceio.o
                0x00001d70                _ZN9CDeviceIOC1Ev
                0x00001d70                _ZN9CDeviceIOC2Ev
 .text._ZN9CDeviceIOD2Ev
                0x00001d72        0x2 src/deviceio.o
                0x00001d72                _ZN9CDeviceIOD1Ev
                0x00001d72                _ZN9CDeviceIOD2Ev
 .text._ZN9CDeviceIO11device_initEh13PORT_ISC_enum13PORT_OPC_enum
                0x00001d74      0x136 src/deviceio.o
                0x00001d74                _ZN9CDeviceIO11device_initEh13PORT_ISC_enum13PORT_OPC_enum
 .text._ZN9CDeviceIO11isConnectedEv
                0x00001eaa       0x14 src/deviceio.o
                0x00001eaa                _ZN9CDeviceIO11isConnectedEv
 .text.__vector_75
                0x00001ebe       0x1e src/deviceio.o
                0x00001ebe                __vector_75
 .text._ZN7CSerialC2Ev
                0x00001edc        0x2 src/serial.o
                0x00001edc                _ZN7CSerialC2Ev
                0x00001edc                _ZN7CSerialC1Ev
 .text._ZN7CSerialD2Ev
                0x00001ede        0x2 src/serial.o
                0x00001ede                _ZN7CSerialD2Ev
                0x00001ede                _ZN7CSerialD1Ev
 .text._ZN7CSerial8sendCharEc
                0x00001ee0        0xe src/serial.o
                0x00001ee0                _ZN7CSerial8sendCharEc
 .text._ZN7CSerial10sendStringEPc
                0x00001eee       0x24 src/serial.o
                0x00001eee                _ZN7CSerial10sendStringEPc
 .text._ZN3CUIC2Ev
                0x00001f12        0x2 src/ui.o
                0x00001f12                _ZN3CUIC2Ev
                0x00001f12                _ZN3CUIC1Ev
 .text._ZN3CUI7ui_initEP7CSerial
                0x00001f14       0x1c src/ui.o
                0x00001f14                _ZN3CUI7ui_initEP7CSerial
 .text._ZN3CUI8sendTextEPc
                0x00001f30       0x6e src/ui.o
                0x00001f30                _ZN3CUI8sendTextEPc
 .text._ZN3CUI7clearUIEv
                0x00001f9e       0x44 src/ui.o
                0x00001f9e                _ZN3CUI7clearUIEv
 .text._ZN4CLedC2Ev
                0x00001fe2        0x8 src/led.o
                0x00001fe2                _ZN4CLedC2Ev
                0x00001fe2                _ZN4CLedC1Ev
 .text._ZN4CLed6led_OnEv
                0x00001fea       0x18 src/led.o
                0x00001fea                _ZN4CLed6led_OnEv
 .text._ZN4CLed7led_OffEv
                0x00002002       0x16 src/led.o
                0x00002002                _ZN4CLed7led_OffEv
 .text._ZN4CLed8led_initEP11PORT_structhh
                0x00002018       0x2e src/led.o
                0x00002018                _ZN4CLed8led_initEP11PORT_structhh
 .text._ZN4CLed17disableInterruptsEv
                0x00002046       0x28 src/led.o
                0x00002046                _ZN4CLed17disableInterruptsEv
 .text.__vector_16
                0x0000206e       0x54 src/led.o
                0x0000206e                __vector_16
 .text.__vector_14
                0x000020c2       0x54 src/led.o
                0x000020c2                __vector_14
 .text.__vector_22
                0x00002116       0x54 src/led.o
                0x00002116                __vector_22
 .text.__vector_20
                0x0000216a       0x54 src/led.o
                0x0000216a                __vector_20
 .text._ZN4CLed11calcDividerERj
                0x000021be       0xaa src/led.o
                0x000021be                _ZN4CLed11calcDividerERj
 .text._ZN4CLed9initTimerEh
                0x00002268      0x166 src/led.o
                0x00002268                _ZN4CLed9initTimerEh
 .text._ZN4CLed5blinkEhh
                0x000023ce       0x5a src/led.o
                0x000023ce                _ZN4CLed5blinkEhh
 .text._Z4taskv
                0x00002428       0xde src/miniproject.o
                0x00002428                _Z4taskv
 .text.startup.main
                0x00002506       0x9e src/miniproject.o
                0x00002506                main
 .text.my_callback_cdc_enable
                0x000025a4        0x8 src/miniproject.o
                0x000025a4                my_callback_cdc_enable
 .text.my_callback_cdc_disable
                0x000025ac        0x6 src/miniproject.o
                0x000025ac                my_callback_cdc_disable
 .text.startup._GLOBAL__sub_I_pin_changed
                0x000025b2       0x58 src/miniproject.o
 .text.exit._GLOBAL__sub_D_pin_changed
                0x0000260a       0x40 src/miniproject.o
 .text._ZN14CPotentiometerC2Ev
                0x0000264a        0xa src/potentiometer.o
                0x0000264a                _ZN14CPotentiometerC2Ev
                0x0000264a                _ZN14CPotentiometerC1Ev
 .text._ZN14CPotentiometerD2Ev
                0x00002654        0x2 src/potentiometer.o
                0x00002654                _ZN14CPotentiometerD1Ev
                0x00002654                _ZN14CPotentiometerD2Ev
 .text._ZN14CPotentiometer18potentiometer_initEv
                0x00002656       0x9c src/potentiometer.o
                0x00002656                _ZN14CPotentiometer18potentiometer_initEv
 .text._ZN14CPotentiometer13getPercentageEv
                0x000026f2       0x20 src/potentiometer.o
                0x000026f2                _ZN14CPotentiometer13getPercentageEv
 .text.__vector_44
                0x00002712       0x2c src/potentiometer.o
                0x00002712                __vector_44
 .text.libgcc.div
                0x0000273e       0x28 c:/program files (x86)/atmel/studio/7.0/toolchain/avr8/avr8-gnu-toolchain/bin/../lib/gcc/avr/4.9.2/avrxmega6\libgcc.a(_udivmodhi4.o)
                0x0000273e                __udivmodhi4
 .text.libgcc.div
                0x00002766       0x2e c:/program files (x86)/atmel/studio/7.0/toolchain/avr8/avr8-gnu-toolchain/bin/../lib/gcc/avr/4.9.2/avrxmega6\libgcc.a(_divmodsi4.o)
                0x00002766                __divmodsi4
 .text.libgcc.div
                0x00002794       0x10 c:/program files (x86)/atmel/studio/7.0/toolchain/avr8/avr8-gnu-toolchain/bin/../lib/gcc/avr/4.9.2/avrxmega6\libgcc.a(_negsi2.o)
                0x00002794                __negsi2
 .text.libgcc   0x000027a4       0x10 c:/program files (x86)/atmel/studio/7.0/toolchain/avr8/avr8-gnu-toolchain/bin/../lib/gcc/avr/4.9.2/avrxmega6\libgcc.a(_tablejump2.o)
                0x000027a4                __tablejump2__
 .text.libgcc.div
                0x000027b4       0x44 c:/program files (x86)/atmel/studio/7.0/toolchain/avr8/avr8-gnu-toolchain/bin/../lib/gcc/avr/4.9.2/avrxmega6\libgcc.a(_udivmodsi4.o)
                0x000027b4                __udivmodsi4
 .text.avr-libc
                0x000027f8       0x12 c:/program files (x86)/atmel/studio/7.0/toolchain/avr8/avr8-gnu-toolchain/bin/../lib/gcc/avr/4.9.2/../../../../avr/lib/avrxmega6\libc.a(memcpy.o)
                0x000027f8                memcpy
 .text.avr-libc
                0x0000280a        0xe c:/program files (x86)/atmel/studio/7.0/toolchain/avr8/avr8-gnu-toolchain/bin/../lib/gcc/avr/4.9.2/../../../../avr/lib/avrxmega6\libc.a(strcpy.o)
                0x0000280a                strcpy
                0x00002818                . = ALIGN (0x2)
 *(.fini9)
 .fini9         0x00002818        0x0 c:/program files (x86)/atmel/studio/7.0/toolchain/avr8/avr8-gnu-toolchain/bin/../lib/gcc/avr/4.9.2/avrxmega6\libgcc.a(_exit.o)
                0x00002818                _exit
                0x00002818                exit
 *(.fini9)
 *(.fini8)
 *(.fini8)
 *(.fini7)
 *(.fini7)
 *(.fini6)
 .fini6         0x00002818       0x20 c:/program files (x86)/atmel/studio/7.0/toolchain/avr8/avr8-gnu-toolchain/bin/../lib/gcc/avr/4.9.2/avrxmega6\libgcc.a(_dtors.o)
                0x00002818                __do_global_dtors
 *(.fini6)
 *(.fini5)
 *(.fini5)
 *(.fini4)
 *(.fini4)
 *(.fini3)
 *(.fini3)
 *(.fini2)
 *(.fini2)
 *(.fini1)
 *(.fini1)
 *(.fini0)
 .fini0         0x00002838        0x4 c:/program files (x86)/atmel/studio/7.0/toolchain/avr8/avr8-gnu-toolchain/bin/../lib/gcc/avr/4.9.2/avrxmega6\libgcc.a(_exit.o)
 *(.fini0)
                0x0000283c                _etext = .

.data           0x00802000       0xe4 load address 0x0000283c
                0x00802000                PROVIDE (__data_start, .)
 *(.data)
 *(.data*)
 .data.udi_api_cdc_data
                0x00802000        0xa src/ASF/common/services/usb/class/cdc/device/udi_cdc.o
                0x00802000                udi_api_cdc_data
 .data.udi_api_cdc_comm
                0x0080200a        0xa src/ASF/common/services/usb/class/cdc/device/udi_cdc.o
                0x0080200a                udi_api_cdc_comm
 .data.udc_config
                0x00802014        0x6 src/ASF/common/services/usb/class/cdc/device/udi_cdc_desc.o
                0x00802014                udc_config
 .data.udc_config_fs
                0x0080201a        0x4 src/ASF/common/services/usb/class/cdc/device/udi_cdc_desc.o
                0x0080201a                udc_config_fs
 .data.udi_apis
                0x0080201e        0x4 src/ASF/common/services/usb/class/cdc/device/udi_cdc_desc.o
                0x0080201e                udi_apis
 .data.udc_desc_fs
                0x00802022       0x44 src/ASF/common/services/usb/class/cdc/device/udi_cdc_desc.o
                0x00802022                udc_desc_fs
 .data.udc_device_desc
                0x00802066       0x12 src/ASF/common/services/usb/class/cdc/device/udi_cdc_desc.o
                0x00802066                udc_device_desc
 .data.udc_string_desc
                0x00802078       0x20 src/ASF/common/services/usb/udc/udc.o
 .data.udc_string_product_name
                0x00802098       0x10 src/ASF/common/services/usb/udc/udc.o
 .data.udc_string_manufacturer_name
                0x008020a8       0x10 src/ASF/common/services/usb/udc/udc.o
 .data.udc_string_desc_languageid
                0x008020b8        0x4 src/ASF/common/services/usb/udc/udc.o
 *(.rodata)
 *(.rodata*)
 .rodata.CSWTCH.45
                0x008020bc        0xe src/ASF/xmega/drivers/usb/usb_device.o
 .rodata.str1.1
                0x008020ca        0x8 src/ui.o
 .rodata.str1.1
                0x008020d2       0x12 src/miniproject.o
 *(.gnu.linkonce.d*)
                0x008020e4                . = ALIGN (0x2)
                0x008020e4                _edata = .
                0x008020e4                PROVIDE (__data_end, .)

.bss            0x008020e4      0x2a4
                0x008020e4                PROVIDE (__bss_start, .)
 *(.bss)
 *(.bss*)
 .bss.sof_zlp_counter.4683
                0x008020e4        0x2 src/ASF/common/services/usb/class/cdc/device/udi_cdc.o
 .bss.udi_cdc_tx_both_buf_to_send
                0x008020e6        0x1 src/ASF/common/services/usb/class/cdc/device/udi_cdc.o
 .bss.udi_cdc_tx_trans_ongoing
                0x008020e7        0x1 src/ASF/common/services/usb/class/cdc/device/udi_cdc.o
 .bss.udi_cdc_tx_sof_num
                0x008020e8        0x2 src/ASF/common/services/usb/class/cdc/device/udi_cdc.o
 .bss.udi_cdc_tx_buf_sel
                0x008020ea        0x1 src/ASF/common/services/usb/class/cdc/device/udi_cdc.o
 .bss.udi_cdc_tx_buf_nb
                0x008020eb        0x4 src/ASF/common/services/usb/class/cdc/device/udi_cdc.o
 *fill*         0x008020ef        0x1 
 .bss.udi_cdc_tx_buf
                0x008020f0       0x80 src/ASF/common/services/usb/class/cdc/device/udi_cdc.o
 .bss.udi_cdc_rx_trans_ongoing
                0x00802170        0x1 src/ASF/common/services/usb/class/cdc/device/udi_cdc.o
 .bss.udi_cdc_rx_pos
                0x00802171        0x2 src/ASF/common/services/usb/class/cdc/device/udi_cdc.o
 .bss.udi_cdc_rx_buf_sel
                0x00802173        0x1 src/ASF/common/services/usb/class/cdc/device/udi_cdc.o
 .bss.udi_cdc_rx_buf_nb
                0x00802174        0x4 src/ASF/common/services/usb/class/cdc/device/udi_cdc.o
 .bss.udi_cdc_rx_buf
                0x00802178       0x80 src/ASF/common/services/usb/class/cdc/device/udi_cdc.o
 .bss.udi_cdc_data_running
                0x008021f8        0x1 src/ASF/common/services/usb/class/cdc/device/udi_cdc.o
 .bss.udi_cdc_nb_data_enabled
                0x008021f9        0x1 src/ASF/common/services/usb/class/cdc/device/udi_cdc.o
 .bss.udi_cdc_nb_comm_enabled
                0x008021fa        0x1 src/ASF/common/services/usb/class/cdc/device/udi_cdc.o
 *fill*         0x008021fb        0x1 
 .bss.uid_cdc_state_msg
                0x008021fc        0xa src/ASF/common/services/usb/class/cdc/device/udi_cdc.o
 .bss.udi_cdc_state
                0x00802206        0x2 src/ASF/common/services/usb/class/cdc/device/udi_cdc.o
 .bss.udi_cdc_line_coding
                0x00802208        0x8 src/ASF/common/services/usb/class/cdc/device/udi_cdc.o
 .bss.udc_ep_status.4378
                0x00802210        0x2 src/ASF/common/services/usb/udc/udc.o
 .bss.udc_ptr_iface
                0x00802212        0x2 src/ASF/common/services/usb/udc/udc.o
 .bss.udc_ptr_conf
                0x00802214        0x2 src/ASF/common/services/usb/udc/udc.o
 .bss.udc_num_configuration
                0x00802216        0x2 src/ASF/common/services/usb/udc/udc.o
 .bss.udc_iface_setting
                0x00802218        0x2 src/ASF/common/services/usb/udc/udc.o
 .bss.udc_device_status
                0x0080221a        0x2 src/ASF/common/services/usb/udc/udc.o
 .bss.lcd_frame_callback
                0x0080221c        0x2 src/ASF/xmega/drivers/lcd/lcd.o
 .bss.b_shortpacket.5091
                0x0080221e        0x1 src/ASF/xmega/drivers/usb/usb_device.o
 .bss.udd_ep_out_cache_buffer
                0x0080221f       0x80 src/ASF/xmega/drivers/usb/usb_device.o
 .bss.udd_ep_job
                0x0080229f       0x24 src/ASF/xmega/drivers/usb/usb_device.o
 .bss.udd_ctrl_buffer
                0x008022c3       0x40 src/ASF/xmega/drivers/usb/usb_device.o
 .bss.udd_ctrl_payload_nb_trans
                0x00802303        0x2 src/ASF/xmega/drivers/usb/usb_device.o
 .bss.udd_ctrl_prev_payload_nb_trans
                0x00802305        0x2 src/ASF/xmega/drivers/usb/usb_device.o
 .bss.udd_ep_control_state
                0x00802307        0x1 src/ASF/xmega/drivers/usb/usb_device.o
 .bss.udd_sram  0x00802308       0x40 src/ASF/xmega/drivers/usb/usb_device.o
 .bss.udd_b_idle
                0x00802348        0x1 src/ASF/xmega/drivers/usb/usb_device.o
 .bss.serial    0x00802349        0x1 src/miniproject.o
                0x00802349                serial
 .bss.ui        0x0080234a        0x9 src/miniproject.o
                0x0080234a                ui
 .bss.pA7       0x00802353        0x2 src/miniproject.o
                0x00802353                pA7
 .bss.pA6       0x00802355        0x2 src/miniproject.o
                0x00802355                pA6
 .bss.pA5       0x00802357        0x2 src/miniproject.o
                0x00802357                pA5
 .bss.pA3       0x00802359        0x2 src/miniproject.o
                0x00802359                pA3
 .bss.pA1       0x0080235b        0x2 src/miniproject.o
                0x0080235b                pA1
 .bss.pA0       0x0080235d        0x2 src/miniproject.o
                0x0080235d                pA0
 .bss.led1      0x0080235f        0x7 src/miniproject.o
                0x0080235f                led1
 .bss.led0      0x00802366        0x7 src/miniproject.o
                0x00802366                led0
 .bss.pot       0x0080236d        0x1 src/miniproject.o
                0x0080236d                pot
 .bss.pin_changed
                0x0080236e        0x1 src/miniproject.o
                0x0080236e                pin_changed
 .bss._ZL30my_flag_autorize_cdc_transfert
                0x0080236f        0x1 src/miniproject.o
 .bss._ZN14CPotentiometer5valueE
                0x00802370        0x2 src/potentiometer.o
                0x00802370                _ZN14CPotentiometer5valueE
 *(COMMON)
 COMMON         0x00802372        0x6 src/ASF/common/services/sleepmgr/xmega/sleepmgr.o
                0x00802372                sleepmgr_locks
 COMMON         0x00802378       0x10 src/ASF/xmega/drivers/usb/usb_device.o
                0x00802378                udd_g_ctrlreq
                0x00802388                PROVIDE (__bss_end, .)
                0x0000283c                __data_load_start = LOADADDR (.data)
                0x00002920                __data_load_end = (__data_load_start + SIZEOF (.data))

.noinit         0x00802388        0x0
                [!provide]                PROVIDE (__noinit_start, .)
 *(.noinit*)
                [!provide]                PROVIDE (__noinit_end, .)
                0x00802388                _end = .
                [!provide]                PROVIDE (__heap_start, .)

.eeprom         0x00810000        0x0
 *(.eeprom*)
                0x00810000                __eeprom_end = .

.fuse
 *(.fuse)
 *(.lfuse)
 *(.hfuse)
 *(.efuse)

.lock
 *(.lock*)

.signature
 *(.signature*)

.user_signatures
 *(.user_signatures*)

.stab
 *(.stab)

.stabstr
 *(.stabstr)

.stab.excl
 *(.stab.excl)

.stab.exclstr
 *(.stab.exclstr)

.stab.index
 *(.stab.index)

.stab.indexstr
 *(.stab.indexstr)

.comment        0x00000000       0x30
 *(.comment)
 .comment       0x00000000       0x30 src/ASF/common/services/clock/xmega/sysclk.o
                                 0x31 (size before relaxing)
 .comment       0x00000030       0x31 src/ASF/common/services/sleepmgr/xmega/sleepmgr.o
 .comment       0x00000030       0x31 src/ASF/common/services/usb/class/cdc/device/udi_cdc.o
 .comment       0x00000030       0x31 src/ASF/common/services/usb/class/cdc/device/udi_cdc_desc.o
 .comment       0x00000030       0x31 src/ASF/common/services/usb/udc/udc.o
 .comment       0x00000030       0x31 src/ASF/xmega/components/display/c42048a/c42048a_full_matrix0/c42048a.o
 .comment       0x00000030       0x31 src/ASF/xmega/drivers/lcd/lcd.o
 .comment       0x00000030       0x31 src/ASF/xmega/drivers/usb/usb_device.o
 .comment       0x00000030       0x31 src/deviceio.o
 .comment       0x00000030       0x31 src/serial.o
 .comment       0x00000030       0x31 src/ui.o
 .comment       0x00000030       0x31 src/led.o
 .comment       0x00000030       0x31 src/miniproject.o
 .comment       0x00000030       0x31 src/potentiometer.o

.note.gnu.avr.deviceinfo
                0x00000000       0x40
 .note.gnu.avr.deviceinfo
                0x00000000       0x40 C:/Program Files (x86)/Atmel/Studio/7.0/Packs/atmel/XMEGAB_DFP/1.0.31/gcc/dev/atxmega128b1/avrxmega6/crtatxmega128b1.o

.note.gnu.build-id
 *(.note.gnu.build-id)

.debug
 *(.debug)

.line
 *(.line)

.debug_srcinfo
 *(.debug_srcinfo)

.debug_sfnames
 *(.debug_sfnames)

.debug_aranges  0x00000000       0x48
 *(.debug_aranges)
 .debug_aranges
                0x00000000       0x20 src/ASF/xmega/drivers/cpu/ccp.o
 .debug_aranges
                0x00000020       0x28 src/ASF/xmega/drivers/nvm/nvm_asm.o

.debug_pubnames
 *(.debug_pubnames)

.debug_info     0x00000000      0x116
 *(.debug_info .gnu.linkonce.wi.*)
 .debug_info    0x00000000       0x8b src/ASF/xmega/drivers/cpu/ccp.o
 .debug_info    0x0000008b       0x8b src/ASF/xmega/drivers/nvm/nvm_asm.o

.debug_abbrev   0x00000000       0x26
 *(.debug_abbrev)
 .debug_abbrev  0x00000000       0x14 src/ASF/xmega/drivers/cpu/ccp.o
 .debug_abbrev  0x00000014       0x12 src/ASF/xmega/drivers/nvm/nvm_asm.o

.debug_line     0x00000000      0x18d
 *(.debug_line .debug_line.* .debug_line_end)
 .debug_line    0x00000000       0x6e src/ASF/xmega/drivers/cpu/ccp.o
 .debug_line    0x0000006e      0x11f src/ASF/xmega/drivers/nvm/nvm_asm.o

.debug_frame
 *(.debug_frame)

.debug_str
 *(.debug_str)

.debug_loc
 *(.debug_loc)

.debug_macinfo
 *(.debug_macinfo)

.debug_weaknames
 *(.debug_weaknames)

.debug_funcnames
 *(.debug_funcnames)

.debug_typenames
 *(.debug_typenames)

.debug_varnames
 *(.debug_varnames)

.debug_pubtypes
 *(.debug_pubtypes)

.debug_ranges   0x00000000       0x20
 *(.debug_ranges)
 .debug_ranges  0x00000000       0x20 src/ASF/xmega/drivers/nvm/nvm_asm.o

.debug_macro
 *(.debug_macro)
OUTPUT(MiniProject.elf elf32-avr)
LOAD linker stubs
